Archive member included to satisfy reference by file (symbol)

app/libapp.a(config_gpio.c.obj)
                              (--whole-archive)
app/libapp.a(func_extras.c.obj)
                              (--whole-archive)
app/libapp.a(main.c.obj)      (--whole-archive)
zephyr/libzephyr.a(soc_nrf_common.S.obj)
                              (--whole-archive)
zephyr/libzephyr.a(assert.c.obj)
                              (--whole-archive)
zephyr/libzephyr.a(bitarray.c.obj)
                              (--whole-archive)
zephyr/libzephyr.a(cbprintf.c.obj)
                              (--whole-archive)
zephyr/libzephyr.a(cbprintf_complete.c.obj)
                              (--whole-archive)
zephyr/libzephyr.a(cbprintf_packaged.c.obj)
                              (--whole-archive)
zephyr/libzephyr.a(configs.c.obj)
                              (--whole-archive)
zephyr/libzephyr.a(constraint.c.obj)
                              (--whole-archive)
zephyr/libzephyr.a(crc16_sw.c.obj)
                              (--whole-archive)
zephyr/libzephyr.a(crc32_sw.c.obj)
                              (--whole-archive)
zephyr/libzephyr.a(crc32c_sw.c.obj)
                              (--whole-archive)
zephyr/libzephyr.a(crc7_sw.c.obj)
                              (--whole-archive)
zephyr/libzephyr.a(crc8_sw.c.obj)
                              (--whole-archive)
zephyr/libzephyr.a(dec.c.obj)
                              (--whole-archive)
zephyr/libzephyr.a(fdtable.c.obj)
                              (--whole-archive)
zephyr/libzephyr.a(heap-validate.c.obj)
                              (--whole-archive)
zephyr/libzephyr.a(heap.c.obj)
                              (--whole-archive)
zephyr/libzephyr.a(hex.c.obj)
                              (--whole-archive)
zephyr/libzephyr.a(multi_heap.c.obj)
                              (--whole-archive)
zephyr/libzephyr.a(notify.c.obj)
                              (--whole-archive)
zephyr/libzephyr.a(nrf_cc3xx_platform_abort_zephyr.c.obj)
                              (--whole-archive)
zephyr/libzephyr.a(nrf_cc3xx_platform_mutex_zephyr.c.obj)
                              (--whole-archive)
zephyr/libzephyr.a(onoff.c.obj)
                              (--whole-archive)
zephyr/libzephyr.a(pm.c.obj)  (--whole-archive)
zephyr/libzephyr.a(printk.c.obj)
                              (--whole-archive)
zephyr/libzephyr.a(rb.c.obj)  (--whole-archive)
zephyr/libzephyr.a(reboot.c.obj)
                              (--whole-archive)
zephyr/libzephyr.a(residency.c.obj)
                              (--whole-archive)
zephyr/libzephyr.a(sem.c.obj)
                              (--whole-archive)
zephyr/libzephyr.a(thread_entry.c.obj)
                              (--whole-archive)
zephyr/libzephyr.a(timeutil.c.obj)
                              (--whole-archive)
zephyr/libzephyr.a(tracing_none.c.obj)
                              (--whole-archive)
zephyr/libzephyr.a(validate_base_addresses.c.obj)
                              (--whole-archive)
zephyr/libzephyr.a(validate_enabled_instances.c.obj)
                              (--whole-archive)
zephyr/arch/common/libarch__common.a(sw_isr_common.c.obj)
                              (--whole-archive)
zephyr/arch/arch/arm/core/aarch32/libarch__arm__core__aarch32.a(cpu_idle.S.obj)
                              (--whole-archive)
zephyr/arch/arch/arm/core/aarch32/libarch__arm__core__aarch32.a(isr_wrapper.S.obj)
                              (--whole-archive)
zephyr/arch/arch/arm/core/aarch32/libarch__arm__core__aarch32.a(nmi_on_reset.S.obj)
                              (--whole-archive)
zephyr/arch/arch/arm/core/aarch32/libarch__arm__core__aarch32.a(swap_helper.S.obj)
                              (--whole-archive)
zephyr/arch/arch/arm/core/aarch32/libarch__arm__core__aarch32.a(fatal.c.obj)
                              (--whole-archive)
zephyr/arch/arch/arm/core/aarch32/libarch__arm__core__aarch32.a(irq_manage.c.obj)
                              (--whole-archive)
zephyr/arch/arch/arm/core/aarch32/libarch__arm__core__aarch32.a(nmi.c.obj)
                              (--whole-archive)
zephyr/arch/arch/arm/core/aarch32/libarch__arm__core__aarch32.a(prep_c.c.obj)
                              (--whole-archive)
zephyr/arch/arch/arm/core/aarch32/libarch__arm__core__aarch32.a(swap.c.obj)
                              (--whole-archive)
zephyr/arch/arch/arm/core/aarch32/libarch__arm__core__aarch32.a(thread.c.obj)
                              (--whole-archive)
zephyr/arch/arch/arm/core/aarch32/cortex_m/libarch__arm__core__aarch32__cortex_m.a(exc_exit.S.obj)
                              (--whole-archive)
zephyr/arch/arch/arm/core/aarch32/cortex_m/libarch__arm__core__aarch32__cortex_m.a(fault_s.S.obj)
                              (--whole-archive)
zephyr/arch/arch/arm/core/aarch32/cortex_m/libarch__arm__core__aarch32__cortex_m.a(reset.S.obj)
[...]
Memory Configuration

Name             Origin             Length             Attributes
FLASH            0x00000000         0x00100000         xr
SRAM             0x20000000         0x00040000         xw
IDT_LIST         0xfffff7ff         0x00000800         xw
*default*        0x00000000         0xffffffff

Linker script and memory map

LOAD zephyr/CMakeFiles/zephyr_final.dir/dev_handles.c.obj
LOAD zephyr/CMakeFiles/zephyr_final.dir/misc/empty_file.c.obj
LOAD zephyr/CMakeFiles/zephyr_final.dir/isr_tables.c.obj
                0x00000020                _region_min_align = 0x20

.rel.plt        0x00000000        0x0
 *(SORT_BY_ALIGNMENT(.rel.plt))
                [!provide]                PROVIDE (__rel_iplt_start = .)
 *(SORT_BY_ALIGNMENT(.rel.iplt))
 .rel.iplt      0x00000000        0x0 zephyr/CMakeFiles/zephyr_final.dir/dev_handles.c.obj
                [!provide]                PROVIDE (__rel_iplt_end = .)

.rela.plt       0x00000000        0x0
 *(SORT_BY_ALIGNMENT(.rela.plt))
                [!provide]                PROVIDE (__rela_iplt_start = .)
 *(SORT_BY_ALIGNMENT(.rela.iplt))
                [!provide]                PROVIDE (__rela_iplt_end = .)

.rel.dyn
 *(SORT_BY_ALIGNMENT(.rel.*))

.rela.dyn
 *(SORT_BY_ALIGNMENT(.rela.*))

/DISCARD/
 *(SORT_BY_ALIGNMENT(.plt))
 *(SORT_BY_ALIGNMENT(.iplt))
 *(SORT_BY_ALIGNMENT(.got.plt))
 *(SORT_BY_ALIGNMENT(.igot.plt))
 *(SORT_BY_ALIGNMENT(.got))
 *(SORT_BY_ALIGNMENT(.igot))
 *(SORT_BY_ALIGNMENT(.irq_info*))
 *(SORT_BY_ALIGNMENT(.intList*))
 *(SORT_BY_ALIGNMENT(.note.GNU-stack))
                0x00000000                __rom_region_start = 0x0

rom_start       0x00000000      0x100
                0x00000000                . = 0x0
                0x00000000                . = ALIGN (0x4)
                0x00000000                . = ALIGN (0x80)
                0x00000000                . = ALIGN (0x100)
                0x00000000                _vector_start = .
 *(SORT_BY_ALIGNMENT(.exc_vector_table))
 *(SORT_BY_ALIGNMENT(.exc_vector_table.*))
 .exc_vector_table._vector_table_section
                0x00000000       0x40 zephyr/arch/arch/arm/core/aarch32/cortex_m/libarch__arm__core__aarch32__cortex_m.a(vector_table.S.obj)
                0x00000000                _vector_table
 *(SORT_BY_ALIGNMENT(.gnu.linkonce.irq_vector_table*))
 .gnu.linkonce.irq_vector_table
                0x00000040       0xc0 zephyr/CMakeFiles/zephyr_final.dir/isr_tables.c.obj
                0x00000040                _irq_vector_table
 *(SORT_BY_ALIGNMENT(.vectors))
                0x00000100                _vector_end = .

text            0x00000100     0x7c64
                0x00000100                __text_region_start = .
 *(SORT_BY_ALIGNMENT(.text))
 .text          0x00000100      0x378 d:/toolchain/v1.9.1/toolchain/opt/bin/../lib/gcc/arm-none-eabi/9.2.1/thumb/v7e-m/nofp\libgcc.a(_arm_addsubdf3.o)
                0x00000100                __aeabi_drsub
                0x00000108                __aeabi_dsub
                0x00000108                __subdf3
                0x0000010c                __aeabi_dadd
                0x0000010c                __adddf3
                0x00000384                __floatunsidf
                0x00000384                __aeabi_ui2d
                0x000003a4                __floatsidf
                0x000003a4                __aeabi_i2d
                0x000003c8                __aeabi_f2d
                0x000003c8                __extendsfdf2
                0x0000040c                __floatundidf
                0x0000040c                __aeabi_ul2d
                0x0000041c                __floatdidf
                0x0000041c                __aeabi_l2d
 .text          0x00000478      0x424 d:/toolchain/v1.9.1/toolchain/opt/bin/../lib/gcc/arm-none-eabi/9.2.1/thumb/v7e-m/nofp\libgcc.a(_arm_muldivdf3.o)
                0x00000478                __aeabi_dmul
                0x00000478                __muldf3
                0x000006cc                __divdf3
                0x000006cc                __aeabi_ddiv
 .text          0x0000089c      0x110 d:/toolchain/v1.9.1/toolchain/opt/bin/../lib/gcc/arm-none-eabi/9.2.1/thumb/v7e-m/nofp\libgcc.a(_arm_cmpdf2.o)
                0x0000089c                __gtdf2
                0x0000089c                __gedf2
                0x000008a4                __ltdf2
                0x000008a4                __ledf2
                0x000008ac                __nedf2
                0x000008ac                __eqdf2
                0x000008ac                __cmpdf2
                0x00000928                __aeabi_cdrcmple
                0x00000938                __aeabi_cdcmpeq
                0x00000938                __aeabi_cdcmple
                0x00000948                __aeabi_dcmpeq
                0x0000095c                __aeabi_dcmplt
                0x00000970                __aeabi_dcmple
                0x00000984                __aeabi_dcmpge
                0x00000998                __aeabi_dcmpgt
 .text          0x000009ac       0x50 d:/toolchain/v1.9.1/toolchain/opt/bin/../lib/gcc/arm-none-eabi/9.2.1/thumb/v7e-m/nofp\libgcc.a(_arm_fixdfsi.o)
                0x000009ac                __aeabi_d2iz
                0x000009ac                __fixdfsi
 .text          0x000009fc       0x30 d:/toolchain/v1.9.1/toolchain/opt/bin/../lib/gcc/arm-none-eabi/9.2.1/thumb/v7e-m/nofp\libgcc.a(_aeabi_uldivmod.o)
                0x000009fc                __aeabi_uldivmod
 .text          0x00000a2c      0x2c0 d:/toolchain/v1.9.1/toolchain/opt/bin/../lib/gcc/arm-none-eabi/9.2.1/thumb/v7e-m/nofp\libgcc.a(_udivmoddi4.o)
                0x00000a2c                __udivmoddi4
 .text          0x00000cec        0x4 d:/toolchain/v1.9.1/toolchain/opt/bin/../lib/gcc/arm-none-eabi/9.2.1/thumb/v7e-m/nofp\libgcc.a(_dvmd_tls.o)
                0x00000cec                __aeabi_idiv0
                0x00000cec                __aeabi_ldiv0
 *(SORT_BY_ALIGNMENT(.text.*))
 .text.main     0x00000cf0      0x33c app/libapp.a(main.c.obj)
                0x00000cf0                main
 .text.but1press_cbfunction
                0x0000102c        0xc app/libapp.a(config_gpio.c.obj)
                0x0000102c                but1press_cbfunction
 .text.but2press_cbfunction
                0x00001038        0xc app/libapp.a(config_gpio.c.obj)
                0x00001038                but2press_cbfunction
 .text.but3press_cbfunction
                0x00001044        0xc app/libapp.a(config_gpio.c.obj)
                0x00001044                but3press_cbfunction
 .text.but4press_cbfunction
                0x00001050        0xc app/libapp.a(config_gpio.c.obj)
                0x00001050                but4press_cbfunction
 .text.but5press_cbfunction
                0x0000105c        0xc app/libapp.a(config_gpio.c.obj)
                0x0000105c                but5press_cbfunction
 .text.but6press_cbfunction
                0x00001068        0xc app/libapp.a(config_gpio.c.obj)
                0x00001068                but6press_cbfunction
 .text.but7press_cbfunction
                0x00001074        0xc app/libapp.a(config_gpio.c.obj)
                0x00001074                but7press_cbfunction
 .text.but8press_cbfunction
                0x00001080        0xc app/libapp.a(config_gpio.c.obj)
                0x00001080                but8press_cbfunction
 .text.z_impl_gpio_pin_configure.constprop.0
                0x0000108c       0x64 app/libapp.a(config_gpio.c.obj)
 .text.z_impl_gpio_pin_interrupt_configure.constprop.0
                0x000010f0       0x6c app/libapp.a(config_gpio.c.obj)
 .text.get_bind
                0x0000115c      0x240 app/libapp.a(config_gpio.c.obj)
                0x0000115c                get_bind
 .text.split_credit
                0x0000139c       0x38 app/libapp.a(func_extras.c.obj)
                0x0000139c                split_credit
 .text.cbvprintf
                0x000013d4      0x780 zephyr/libzephyr.a(cbprintf_complete.c.obj)
                0x000013d4                cbvprintf
 .text.sys_notify_finalize
                0x00001b54       0x40 zephyr/libzephyr.a(notify.c.obj)
                0x00001b54                sys_notify_finalize
 .text.nrf_cc3xx_platform_abort_init
                0x00001b94        0xc zephyr/libzephyr.a(nrf_cc3xx_platform_abort_zephyr.c.obj)
                0x00001b94                nrf_cc3xx_platform_abort_init
 .text.mutex_unlock_platform
                0x00001ba0       0x4c zephyr/libzephyr.a(nrf_cc3xx_platform_mutex_zephyr.c.obj)
 .text.mutex_free_platform
                0x00001bec       0x48 zephyr/libzephyr.a(nrf_cc3xx_platform_mutex_zephyr.c.obj)
 .text.mutex_init_platform
                0x00001c34       0x70 zephyr/libzephyr.a(nrf_cc3xx_platform_mutex_zephyr.c.obj)
 .text.mutex_lock_platform
                0x00001ca4       0x58 zephyr/libzephyr.a(nrf_cc3xx_platform_mutex_zephyr.c.obj)
 .text.nrf_cc3xx_platform_mutex_init
                0x00001cfc       0x2c zephyr/libzephyr.a(nrf_cc3xx_platform_mutex_zephyr.c.obj)
                0x00001cfc                nrf_cc3xx_platform_mutex_init
 .text.process_event
                0x00001d28      0x3f4 zephyr/libzephyr.a(onoff.c.obj)
 .text.transition_complete
                0x0000211c       0x64 zephyr/libzephyr.a(onoff.c.obj)
 .text.onoff_request
                0x00002180      0x130 zephyr/libzephyr.a(onoff.c.obj)
                0x00002180                onoff_request
 .text.pm_state_notify
                0x000022b0       0xcc zephyr/libzephyr.a(pm.c.obj)
 .text.atomic_test_and_set_bit.constprop.0
                0x0000237c       0x38 zephyr/libzephyr.a(pm.c.obj)
 .text.pm_system_resume
                0x000023b4       0x88 zephyr/libzephyr.a(pm.c.obj)
                0x000023b4                pm_system_resume
 .text.pm_system_suspend
                0x0000243c      0x100 zephyr/libzephyr.a(pm.c.obj)
                0x0000243c                pm_system_suspend
 .text.char_out
                0x0000253c       0x10 zephyr/libzephyr.a(printk.c.obj)
 .text.__printk_hook_install
                0x0000254c        0xc zephyr/libzephyr.a(printk.c.obj)
                0x0000254c                __printk_hook_install
 .text.vprintk  0x00002558       0x1c zephyr/libzephyr.a(printk.c.obj)
                0x00002558                vprintk
 .text.sys_reboot
                0x00002574       0x28 zephyr/libzephyr.a(reboot.c.obj)
                0x00002574                sys_reboot
 .text.z_arm_cpu_idle_init
                0x0000259c        0xc zephyr/arch/arch/arm/core/aarch32/libarch__arm__core__aarch32.a(cpu_idle.S.obj)
                0x0000259c                z_arm_cpu_idle_init
 .text.arch_cpu_idle
                0x000025a8       0x1c zephyr/arch/arch/arm/core/aarch32/libarch__arm__core__aarch32.a(cpu_idle.S.obj)
                0x000025a8                arch_cpu_idle
 .text.arch_cpu_atomic_idle
                0x000025c4       0x14 zephyr/arch/arch/arm/core/aarch32/libarch__arm__core__aarch32.a(cpu_idle.S.obj)
                0x000025c4                arch_cpu_atomic_idle
 .text._isr_wrapper
                0x000025d8       0x40 zephyr/arch/arch/arm/core/aarch32/libarch__arm__core__aarch32.a(isr_wrapper.S.obj)
                0x000025d8                _isr_wrapper
 .text.z_SysNmiOnReset
                0x00002618        0x8 zephyr/arch/arch/arm/core/aarch32/libarch__arm__core__aarch32.a(nmi_on_reset.S.obj)
                0x00002618                z_SysNmiOnReset
 .text.z_arm_pendsv
                0x00002620       0x54 zephyr/arch/arch/arm/core/aarch32/libarch__arm__core__aarch32.a(swap_helper.S.obj)
                0x00002620                z_arm_pendsv
 .text.z_arm_svc
                0x00002674       0x20 zephyr/arch/arch/arm/core/aarch32/libarch__arm__core__aarch32.a(swap_helper.S.obj)
                0x00002674                z_arm_svc
 .text.arch_irq_enable
                0x00002694       0x20 zephyr/arch/arch/arm/core/aarch32/libarch__arm__core__aarch32.a(irq_manage.c.obj)
                0x00002694                arch_irq_enable
 .text.arch_irq_is_enabled
                0x000026b4       0x1c zephyr/arch/arch/arm/core/aarch32/libarch__arm__core__aarch32.a(irq_manage.c.obj)
                0x000026b4                arch_irq_is_enabled
 .text.z_arm_irq_priority_set
                0x000026d0       0x68 zephyr/arch/arch/arm/core/aarch32/libarch__arm__core__aarch32.a(irq_manage.c.obj)
                0x000026d0                z_arm_irq_priority_set
 .text.z_arm_prep_c
                0x00002738       0x38 zephyr/arch/arch/arm/core/aarch32/libarch__arm__core__aarch32.a(prep_c.c.obj)
                0x00002738                z_arm_prep_c
 .text.arch_swap
                0x00002770       0x34 zephyr/arch/arch/arm/core/aarch32/libarch__arm__core__aarch32.a(swap.c.obj)
                0x00002770                arch_swap
 .text.arch_new_thread
                0x000027a4       0x38 zephyr/arch/arch/arm/core/aarch32/libarch__arm__core__aarch32.a(thread.c.obj)
                0x000027a4                arch_new_thread
 .text.z_check_thread_stack_fail
                0x000027dc       0x34 zephyr/arch/arch/arm/core/aarch32/libarch__arm__core__aarch32.a(thread.c.obj)
                0x000027dc                z_check_thread_stack_fail
 .text.arch_switch_to_main_thread
                0x00002810       0x2c zephyr/arch/arch/arm/core/aarch32/libarch__arm__core__aarch32.a(thread.c.obj)
                0x00002810                arch_switch_to_main_thread
 .text._HandlerModeExit
                0x0000283c       0x1c zephyr/arch/arch/arm/core/aarch32/cortex_m/libarch__arm__core__aarch32__cortex_m.a(exc_exit.S.obj)
                0x0000283c                z_arm_int_exit
                0x0000283c                z_arm_exc_exit
 .text.__fault  0x00002858       0x14 zephyr/arch/arch/arm/core/aarch32/cortex_m/libarch__arm__core__aarch32__cortex_m.a(fault_s.S.obj)
                0x00002858                z_arm_usage_fault
                0x00002858                z_arm_mpu_fault
                0x00002858                z_arm_exc_spurious
                0x00002858                z_arm_debug_monitor
                0x00002858                z_arm_hard_fault
                0x00002858                z_arm_bus_fault
 .text._reset_section
                0x0000286c       0x54 zephyr/arch/arch/arm/core/aarch32/cortex_m/libarch__arm__core__aarch32__cortex_m.a(reset.S.obj)
                0x0000286c                __start
                0x0000286c                z_arm_reset
 .text.mem_manage_fault
                0x000028c0       0xa4 zephyr/arch/arch/arm/core/aarch32/cortex_m/libarch__arm__core__aarch32__cortex_m.a(fault.c.obj)
 .text.bus_fault.isra.0
                0x00002964       0x3c zephyr/arch/arch/arm/core/aarch32/cortex_m/libarch__arm__core__aarch32__cortex_m.a(fault.c.obj)
 .text.usage_fault.isra.0
                0x000029a0       0x24 zephyr/arch/arch/arm/core/aarch32/cortex_m/libarch__arm__core__aarch32__cortex_m.a(fault.c.obj)
 .text.z_arm_fault
                0x000029c4      0x17c zephyr/arch/arch/arm/core/aarch32/cortex_m/libarch__arm__core__aarch32__cortex_m.a(fault.c.obj)
                0x000029c4                z_arm_fault
 .text.z_arm_fault_init
                0x00002b40       0x10 zephyr/arch/arch/arm/core/aarch32/cortex_m/libarch__arm__core__aarch32__cortex_m.a(fault.c.obj)
                0x00002b40                z_arm_fault_init
 .text.z_arm_interrupt_init
                0x00002b50       0x18 zephyr/arch/arch/arm/core/aarch32/cortex_m/libarch__arm__core__aarch32__cortex_m.a(irq_init.c.obj)
                0x00002b50                z_arm_interrupt_init
 .text.z_arm_clear_arm_mpu_config
                0x00002b68       0x20 zephyr/arch/arch/arm/core/aarch32/cortex_m/libarch__arm__core__aarch32__cortex_m.a(scb.c.obj)
                0x00002b68                z_arm_clear_arm_mpu_config
 .text.z_arm_init_arch_hw_at_boot
                0x00002b88       0x64 zephyr/arch/arch/arm/core/aarch32/cortex_m/libarch__arm__core__aarch32__cortex_m.a(scb.c.obj)
                0x00002b88                z_arm_init_arch_hw_at_boot
 .text.z_impl_k_thread_abort
                0x00002bec       0x24 zephyr/arch/arch/arm/core/aarch32/cortex_m/libarch__arm__core__aarch32__cortex_m.a(thread_abort.c.obj)
                0x00002bec                z_impl_k_thread_abort
 .text.z_arm_configure_static_mpu_regions
                0x00002c10       0x18 zephyr/arch/arch/arm/core/aarch32/mpu/libarch__arm__core__aarch32__mpu.a(arm_core_mpu.c.obj)
                0x00002c10                z_arm_configure_static_mpu_regions
 .text.z_arm_configure_dynamic_mpu_regions
                0x00002c28       0x20 zephyr/arch/arch/arm/core/aarch32/mpu/libarch__arm__core__aarch32__mpu.a(arm_core_mpu.c.obj)
                0x00002c28                z_arm_configure_dynamic_mpu_regions
 .text.mpu_configure_regions
                0x00002c48       0x80 zephyr/arch/arch/arm/core/aarch32/mpu/libarch__arm__core__aarch32__mpu.a(arm_mpu.c.obj)
 .text.arm_core_mpu_enable
                0x00002cc8       0x14 zephyr/arch/arch/arm/core/aarch32/mpu/libarch__arm__core__aarch32__mpu.a(arm_mpu.c.obj)
                0x00002cc8                arm_core_mpu_enable
 .text.arm_core_mpu_disable
                0x00002cdc       0x10 zephyr/arch/arch/arm/core/aarch32/mpu/libarch__arm__core__aarch32__mpu.a(arm_mpu.c.obj)
                0x00002cdc                arm_core_mpu_disable
 .text.arm_core_mpu_configure_static_mpu_regions
                0x00002cec       0x50 zephyr/arch/arch/arm/core/aarch32/mpu/libarch__arm__core__aarch32__mpu.a(arm_mpu.c.obj)
                0x00002cec                arm_core_mpu_configure_static_mpu_regions
 .text.arm_core_mpu_configure_dynamic_mpu_regions
                0x00002d3c       0x64 zephyr/arch/arch/arm/core/aarch32/mpu/libarch__arm__core__aarch32__mpu.a(arm_mpu.c.obj)
                0x00002d3c                arm_core_mpu_configure_dynamic_mpu_regions
 .text.z_arm_mpu_init
                0x00002da0       0xbc zephyr/arch/arch/arm/core/aarch32/mpu/libarch__arm__core__aarch32__mpu.a(arm_mpu.c.obj)
                0x00002da0                z_arm_mpu_init
 .text.__stdout_hook_install
                0x00002e5c        0xc zephyr/lib/libc/minimal/liblib__libc__minimal.a(stdout_console.c.obj)
                0x00002e5c                __stdout_hook_install
 .text.nordicsemi_nrf52_init
                0x00002e68       0x64 zephyr/soc/arm/nordic_nrf/nrf52/libsoc__arm__nordic_nrf__nrf52.a(soc.c.obj)
 .text.sys_arch_reboot
                0x00002ecc       0x2c zephyr/soc/arm/nordic_nrf/nrf52/libsoc__arm__nordic_nrf__nrf52.a(soc.c.obj)
                0x00002ecc                sys_arch_reboot
 .text.arch_busy_wait
                0x00002ef8       0x14 zephyr/soc/arm/nordic_nrf/nrf52/libsoc__arm__nordic_nrf__nrf52.a(soc.c.obj)
                0x00002ef8                arch_busy_wait
 .text.onoff_start
                0x00002f0c       0x54 zephyr/drivers/clock_control/libdrivers__clock_control.a(clock_control_nrf.c.obj)
 .text.get_status
                0x00002f60       0x3c zephyr/drivers/clock_control/libdrivers__clock_control.a(clock_control_nrf.c.obj)
 .text.stop     0x00002f9c       0x7c zephyr/drivers/clock_control/libdrivers__clock_control.a(clock_control_nrf.c.obj)
 .text.onoff_stop
                0x00003018       0x28 zephyr/drivers/clock_control/libdrivers__clock_control.a(clock_control_nrf.c.obj)
 .text.clk_init
                0x00003040       0x60 zephyr/drivers/clock_control/libdrivers__clock_control.a(clock_control_nrf.c.obj)
 .text.clkstarted_handle.constprop.0
                0x000030a0       0x34 zephyr/drivers/clock_control/libdrivers__clock_control.a(clock_control_nrf.c.obj)
 .text.clock_event_handler
                0x000030d4       0x60 zephyr/drivers/clock_control/libdrivers__clock_control.a(clock_control_nrf.c.obj)
 .text.generic_hfclk_start
                0x00003134       0x64 zephyr/drivers/clock_control/libdrivers__clock_control.a(clock_control_nrf.c.obj)
 .text.generic_hfclk_stop
                0x00003198       0x2c zephyr/drivers/clock_control/libdrivers__clock_control.a(clock_control_nrf.c.obj)
 .text.api_blocking_start
                0x000031c4       0x34 zephyr/drivers/clock_control/libdrivers__clock_control.a(clock_control_nrf.c.obj)
 .text.z_nrf_clock_control_lf_on
                0x000031f8      0x158 zephyr/drivers/clock_control/libdrivers__clock_control.a(clock_control_nrf.c.obj)
                0x000031f8                z_nrf_clock_control_lf_on
 .text.uart_console_init
                0x00003350       0x30 zephyr/drivers/console/libdrivers__console.a(uart_console.c.obj)
 .text.console_out
                0x00003380       0x28 zephyr/drivers/console/libdrivers__console.a(uart_console.c.obj)
 .text.gpio_nrfx_manage_callback
                0x000033a8       0xac zephyr/drivers/gpio/libdrivers__gpio.a(gpio_nrfx.c.obj)
 .text.nrfx_gpio_handler
                0x00003454       0x98 zephyr/drivers/gpio/libdrivers__gpio.a(gpio_nrfx.c.obj)
 .text.gpio_nrfx_pin_interrupt_configure
                0x000034ec      0x130 zephyr/drivers/gpio/libdrivers__gpio.a(gpio_nrfx.c.obj)
 .text.gpio_nrfx_init
                0x0000361c       0x38 zephyr/drivers/gpio/libdrivers__gpio.a(gpio_nrfx.c.obj)
 .text.gpio_nrfx_pin_configure
                0x00003654      0x15c zephyr/drivers/gpio/libdrivers__gpio.a(gpio_nrfx.c.obj)
 .text.uarte_nrfx_configure
                0x000037b0      0x164 zephyr/drivers/serial/libdrivers__serial.a(uart_nrfx_uarte.c.obj)
 .text.nrf_gpio_pin_port_decode
                0x00003914       0x84 zephyr/drivers/serial/libdrivers__serial.a(uart_nrfx_uarte.c.obj)
 .text.uarte_nrfx_poll_out
                0x00003998       0xc4 zephyr/drivers/serial/libdrivers__serial.a(uart_nrfx_uarte.c.obj)
 .text.uarte_instance_init.isra.0
                0x00003a5c      0x198 zephyr/drivers/serial/libdrivers__serial.a(uart_nrfx_uarte.c.obj)
 .text.sys_clock_timeout_handler
                0x00003bf4       0x78 zephyr/drivers/timer/libdrivers__timer.a(nrf_rtc_timer.c.obj)
 .text.compare_int_lock
                0x00003c6c       0x50 zephyr/drivers/timer/libdrivers__timer.a(nrf_rtc_timer.c.obj)
 .text.compare_int_unlock.part.0
                0x00003cbc       0x5c zephyr/drivers/timer/libdrivers__timer.a(nrf_rtc_timer.c.obj)
 .text.z_nrf_rtc_timer_read
                0x00003d18       0x44 zephyr/drivers/timer/libdrivers__timer.a(nrf_rtc_timer.c.obj)
                0x00003d18                z_nrf_rtc_timer_read
 .text.compare_set
                0x00003d5c      0x154 zephyr/drivers/timer/libdrivers__timer.a(nrf_rtc_timer.c.obj)
 .text.sys_clock_driver_init
                0x00003eb0       0x84 zephyr/drivers/timer/libdrivers__timer.a(nrf_rtc_timer.c.obj)
 .text.rtc_nrf_isr
                0x00003f34       0xf0 zephyr/drivers/timer/libdrivers__timer.a(nrf_rtc_timer.c.obj)
                0x00003f34                rtc_nrf_isr
 .text.sys_clock_set_timeout
                0x00004024       0x60 zephyr/drivers/timer/libdrivers__timer.a(nrf_rtc_timer.c.obj)
                0x00004024                sys_clock_set_timeout
 .text.sys_clock_elapsed
                0x00004084       0x14 zephyr/drivers/timer/libdrivers__timer.a(nrf_rtc_timer.c.obj)
                0x00004084                sys_clock_elapsed
 .text.nrf_clock_is_running.constprop.0
                0x00004098       0x68 modules/hal_nordic/nrfx/libmodules__hal_nordic__nrfx.a(nrfx_clock.c.obj)
 .text.nrfx_clock_init
                0x00004100       0x48 modules/hal_nordic/nrfx/libmodules__hal_nordic__nrfx.a(nrfx_clock.c.obj)
                0x00004100                nrfx_clock_init
 .text.nrfx_clock_enable
                0x00004148       0x40 modules/hal_nordic/nrfx/libmodules__hal_nordic__nrfx.a(nrfx_clock.c.obj)
                0x00004148                nrfx_clock_enable
 .text.nrfx_clock_start
                0x00004188       0xa8 modules/hal_nordic/nrfx/libmodules__hal_nordic__nrfx.a(nrfx_clock.c.obj)
                0x00004188                nrfx_clock_start
 .text.nrfx_clock_stop
                0x00004230       0xdc modules/hal_nordic/nrfx/libmodules__hal_nordic__nrfx.a(nrfx_clock.c.obj)
                0x00004230                nrfx_clock_stop
 .text.nrfx_power_clock_irq_handler
                0x0000430c       0x68 modules/hal_nordic/nrfx/libmodules__hal_nordic__nrfx.a(nrfx_clock.c.obj)
                0x0000430c                nrfx_power_clock_irq_handler
 .text.nrfx_flag32_alloc
                0x00004374       0x48 modules/hal_nordic/nrfx/libmodules__hal_nordic__nrfx.a(nrfx_flag32_allocator.c.obj)
                0x00004374                nrfx_flag32_alloc
 .text.nrfx_flag32_free
                0x000043bc       0x44 modules/hal_nordic/nrfx/libmodules__hal_nordic__nrfx.a(nrfx_flag32_allocator.c.obj)
                0x000043bc                nrfx_flag32_free
 .text.pin_is_task_output
                0x00004400       0x1c modules/hal_nordic/nrfx/libmodules__hal_nordic__nrfx.a(nrfx_gpiote.c.obj)
 .text.call_handler
                0x0000441c       0x3c modules/hal_nordic/nrfx/libmodules__hal_nordic__nrfx.a(nrfx_gpiote.c.obj)
 .text.release_handler
                0x00004458       0x80 modules/hal_nordic/nrfx/libmodules__hal_nordic__nrfx.a(nrfx_gpiote.c.obj)
 .text.pin_handler_trigger_uninit
                0x000044d8       0x34 modules/hal_nordic/nrfx/libmodules__hal_nordic__nrfx.a(nrfx_gpiote.c.obj)
 .text.nrf_gpio_pin_port_decode
                0x0000450c       0x6c modules/hal_nordic/nrfx/libmodules__hal_nordic__nrfx.a(nrfx_gpiote.c.obj)
 .text.nrfx_gpiote_input_configure
                0x00004578      0x150 modules/hal_nordic/nrfx/libmodules__hal_nordic__nrfx.a(nrfx_gpiote.c.obj)
                0x00004578                nrfx_gpiote_input_configure
 .text.nrfx_gpiote_output_configure
                0x000046c8       0xe0 modules/hal_nordic/nrfx/libmodules__hal_nordic__nrfx.a(nrfx_gpiote.c.obj)
                0x000046c8                nrfx_gpiote_output_configure
 .text.nrfx_gpiote_global_callback_set
                0x000047a8        0xc modules/hal_nordic/nrfx/libmodules__hal_nordic__nrfx.a(nrfx_gpiote.c.obj)
                0x000047a8                nrfx_gpiote_global_callback_set
 .text.nrfx_gpiote_channel_get
                0x000047b4       0x50 modules/hal_nordic/nrfx/libmodules__hal_nordic__nrfx.a(nrfx_gpiote.c.obj)
                0x000047b4                nrfx_gpiote_channel_get
 .text.nrfx_gpiote_init
                0x00004804       0x50 modules/hal_nordic/nrfx/libmodules__hal_nordic__nrfx.a(nrfx_gpiote.c.obj)
                0x00004804                nrfx_gpiote_init
 .text.nrfx_gpiote_is_init
                0x00004854       0x14 modules/hal_nordic/nrfx/libmodules__hal_nordic__nrfx.a(nrfx_gpiote.c.obj)
                0x00004854                nrfx_gpiote_is_init
 .text.nrfx_gpiote_channel_free
                0x00004868        0xc modules/hal_nordic/nrfx/libmodules__hal_nordic__nrfx.a(nrfx_gpiote.c.obj)
                0x00004868                nrfx_gpiote_channel_free
 .text.nrfx_gpiote_channel_alloc
                0x00004874        0xc modules/hal_nordic/nrfx/libmodules__hal_nordic__nrfx.a(nrfx_gpiote.c.obj)
                0x00004874                nrfx_gpiote_channel_alloc
 .text.nrfx_gpiote_trigger_enable
                0x00004880       0xe0 modules/hal_nordic/nrfx/libmodules__hal_nordic__nrfx.a(nrfx_gpiote.c.obj)
                0x00004880                nrfx_gpiote_trigger_enable
 .text.nrfx_gpiote_trigger_disable
                0x00004960       0x44 modules/hal_nordic/nrfx/libmodules__hal_nordic__nrfx.a(nrfx_gpiote.c.obj)
                0x00004960                nrfx_gpiote_trigger_disable
 .text.nrfx_gpiote_pin_uninit
                0x000049a4       0x48 modules/hal_nordic/nrfx/libmodules__hal_nordic__nrfx.a(nrfx_gpiote.c.obj)
                0x000049a4                nrfx_gpiote_pin_uninit
 .text.nrfx_gpiote_irq_handler
                0x000049ec      0x1b4 modules/hal_nordic/nrfx/libmodules__hal_nordic__nrfx.a(nrfx_gpiote.c.obj)
                0x000049ec                nrfx_gpiote_irq_handler
 .text.nrfx_ppi_channel_alloc
                0x00004ba0        0xc modules/hal_nordic/nrfx/libmodules__hal_nordic__nrfx.a(nrfx_ppi.c.obj)
                0x00004ba0                nrfx_ppi_channel_alloc
 .text.nrf52_errata_36
                0x00004bac       0x14 modules/hal_nordic/nrfx/libmodules__hal_nordic__nrfx.a(system_nrf52840.c.obj)
 .text.nrf52_errata_98
                0x00004bc0       0x28 modules/hal_nordic/nrfx/libmodules__hal_nordic__nrfx.a(system_nrf52840.c.obj)
 .text.nvmc_wait
                0x00004be8       0x10 modules/hal_nordic/nrfx/libmodules__hal_nordic__nrfx.a(system_nrf52840.c.obj)
                0x00004be8                nvmc_wait
 .text.SystemInit
                0x00004bf8      0x1d0 modules/hal_nordic/nrfx/libmodules__hal_nordic__nrfx.a(system_nrf52840.c.obj)
                0x00004bf8                SystemInit
 .text._DoInit  0x00004dc8       0x6c modules/segger/libmodules__segger.a(SEGGER_RTT.c.obj)
 .text.z_sys_init_run_level
                0x00004e34       0x40 zephyr/kernel/libkernel.a(device.c.obj)
                0x00004e34                z_sys_init_run_level
 .text.z_impl_device_get_binding
                0x00004e74       0x58 zephyr/kernel/libkernel.a(device.c.obj)
                0x00004e74                z_impl_device_get_binding
 .text.z_fatal_error
                0x00004ecc       0x64 zephyr/kernel/libkernel.a(fatal.c.obj)
                0x00004ecc                z_fatal_error
 .text.idle     0x00004f30       0x58 zephyr/kernel/libkernel.a(idle.c.obj)
                0x00004f30                idle
 .text.init_idle_thread
                0x00004f88       0x58 zephyr/kernel/libkernel.a(init.c.obj)
 .text.bg_thread_main
                0x00004fe0       0x34 zephyr/kernel/libkernel.a(init.c.obj)
 .text.z_bss_zero
                0x00005014       0x14 zephyr/kernel/libkernel.a(init.c.obj)
                0x00005014                z_bss_zero
 .text.z_cstart
                0x00005028       0xe4 zephyr/kernel/libkernel.a(init.c.obj)
                0x00005028                z_cstart
 .text.init_mem_slab_module
                0x0000510c       0x78 zephyr/kernel/libkernel.a(mem_slab.c.obj)
 .text.k_mem_slab_alloc
                0x00005184       0xd8 zephyr/kernel/libkernel.a(mem_slab.c.obj)
                0x00005184                k_mem_slab_alloc
 .text.k_mem_slab_free
                0x0000525c       0xc8 zephyr/kernel/libkernel.a(mem_slab.c.obj)
                0x0000525c                k_mem_slab_free
 .text.z_impl_k_mutex_lock
                0x00005324      0x200 zephyr/kernel/libkernel.a(mutex.c.obj)
                0x00005324                z_impl_k_mutex_lock
 .text.z_impl_k_mutex_unlock
                0x00005524      0x190 zephyr/kernel/libkernel.a(mutex.c.obj)
                0x00005524                z_impl_k_mutex_unlock
 .text.z_reset_time_slice
                0x000056b4       0x2c zephyr/kernel/libkernel.a(sched.c.obj)
                0x000056b4                z_reset_time_slice
 .text.k_sched_time_slice_set
                0x000056e0       0xcc zephyr/kernel/libkernel.a(sched.c.obj)
                0x000056e0                k_sched_time_slice_set
 .text.z_reschedule
                0x000057ac       0x88 zephyr/kernel/libkernel.a(sched.c.obj)
                0x000057ac                z_reschedule
 .text.k_sched_lock
                0x00005834       0xe8 zephyr/kernel/libkernel.a(sched.c.obj)
                0x00005834                k_sched_lock
 .text.z_priq_dumb_remove
                0x0000591c       0x44 zephyr/kernel/libkernel.a(sched.c.obj)
                0x0000591c                z_priq_dumb_remove
 .text.unpend_thread_no_timeout
                0x00005960       0x44 zephyr/kernel/libkernel.a(sched.c.obj)
 .text.update_cache
                0x000059a4       0x70 zephyr/kernel/libkernel.a(sched.c.obj)
 .text.move_thread_to_end_of_prio_q
                0x00005a14       0xac zephyr/kernel/libkernel.a(sched.c.obj)
 .text.z_time_slice
                0x00005ac0       0xf0 zephyr/kernel/libkernel.a(sched.c.obj)
                0x00005ac0                z_time_slice
 .text.ready_thread
                0x00005bb0       0xa4 zephyr/kernel/libkernel.a(sched.c.obj)
 .text.z_ready_thread
                0x00005c54       0x90 zephyr/kernel/libkernel.a(sched.c.obj)
                0x00005c54                z_ready_thread
 .text.z_sched_start
                0x00005ce4       0xa8 zephyr/kernel/libkernel.a(sched.c.obj)
                0x00005ce4                z_sched_start
 .text.z_thread_timeout
                0x00005d8c       0xb4 zephyr/kernel/libkernel.a(sched.c.obj)
                0x00005d8c                z_thread_timeout
 .text.unready_thread
                0x00005e40       0x38 zephyr/kernel/libkernel.a(sched.c.obj)
 .text.add_to_waitq_locked
                0x00005e78       0x84 zephyr/kernel/libkernel.a(sched.c.obj)
 .text.pend     0x00005efc       0xbc zephyr/kernel/libkernel.a(sched.c.obj)
 .text.z_pend_curr
                0x00005fb8       0x60 zephyr/kernel/libkernel.a(sched.c.obj)
                0x00005fb8                z_pend_curr
 .text.z_set_prio
                0x00006018      0x138 zephyr/kernel/libkernel.a(sched.c.obj)
                0x00006018                z_set_prio
 .text.z_impl_k_thread_suspend
                0x00006150       0xd4 zephyr/kernel/libkernel.a(sched.c.obj)
                0x00006150                z_impl_k_thread_suspend
 .text.k_sched_unlock
                0x00006224       0xf8 zephyr/kernel/libkernel.a(sched.c.obj)
                0x00006224                k_sched_unlock
 .text.z_unpend_first_thread
                0x0000631c       0xa0 zephyr/kernel/libkernel.a(sched.c.obj)
                0x0000631c                z_unpend_first_thread
 .text.z_sched_init
                0x000063bc       0x18 zephyr/kernel/libkernel.a(sched.c.obj)
                0x000063bc                z_sched_init
 .text.z_impl_k_yield
                0x000063d4      0x148 zephyr/kernel/libkernel.a(sched.c.obj)
                0x000063d4                z_impl_k_yield
 .text.z_tick_sleep
                0x0000651c      0x15c zephyr/kernel/libkernel.a(sched.c.obj)
 .text.z_impl_k_sleep
                0x00006678       0x70 zephyr/kernel/libkernel.a(sched.c.obj)
                0x00006678                z_impl_k_sleep
 .text.z_impl_z_current_get
                0x000066e8        0xc zephyr/kernel/libkernel.a(sched.c.obj)
                0x000066e8                z_impl_z_current_get
 .text.z_thread_abort
                0x000066f4      0x168 zephyr/kernel/libkernel.a(sched.c.obj)
                0x000066f4                z_thread_abort
 .text.z_impl_k_sem_give
                0x0000685c       0x7c zephyr/kernel/libkernel.a(sem.c.obj)
                0x0000685c                z_impl_k_sem_give
 .text.z_impl_k_sem_take
                0x000068d8      0x114 zephyr/kernel/libkernel.a(sem.c.obj)
                0x000068d8                z_impl_k_sem_take
 .text.z_setup_new_thread
                0x000069ec       0xc8 zephyr/kernel/libkernel.a(thread.c.obj)
                0x000069ec                z_setup_new_thread
 .text.z_init_static_threads
                0x00006ab4      0x120 zephyr/kernel/libkernel.a(thread.c.obj)
                0x00006ab4                z_init_static_threads
 .text.z_spin_lock_valid
                0x00006bd4       0x1c zephyr/kernel/libkernel.a(thread.c.obj)
                0x00006bd4                z_spin_lock_valid
 .text.z_spin_unlock_valid
                0x00006bf0       0x20 zephyr/kernel/libkernel.a(thread.c.obj)
                0x00006bf0                z_spin_unlock_valid
 .text.z_spin_lock_set_owner
                0x00006c10       0x10 zephyr/kernel/libkernel.a(thread.c.obj)
                0x00006c10                z_spin_lock_set_owner
 .text.elapsed  0x00006c20       0x14 zephyr/kernel/libkernel.a(timeout.c.obj)
 .text.next_timeout
                0x00006c34       0x58 zephyr/kernel/libkernel.a(timeout.c.obj)
 .text.remove_timeout
                0x00006c8c       0x34 zephyr/kernel/libkernel.a(timeout.c.obj)
 .text.z_add_timeout
                0x00006cc0      0x1a8 zephyr/kernel/libkernel.a(timeout.c.obj)
                0x00006cc0                z_add_timeout
 .text.z_abort_timeout
                0x00006e68       0x9c zephyr/kernel/libkernel.a(timeout.c.obj)
                0x00006e68                z_abort_timeout
 .text.z_get_next_timeout_expiry
                0x00006f04       0x90 zephyr/kernel/libkernel.a(timeout.c.obj)
                0x00006f04                z_get_next_timeout_expiry
 .text.z_set_timeout_expiry
                0x00006f94       0xa0 zephyr/kernel/libkernel.a(timeout.c.obj)
                0x00006f94                z_set_timeout_expiry
 .text.sys_clock_announce
                0x00007034      0x198 zephyr/kernel/libkernel.a(timeout.c.obj)
                0x00007034                sys_clock_announce
 .text.sys_clock_tick_get
                0x000071cc       0xa0 zephyr/kernel/libkernel.a(timeout.c.obj)
                0x000071cc                sys_clock_tick_get
 .text.z_data_copy
                0x0000726c       0x34 zephyr/kernel/libkernel.a(xip.c.obj)
                0x0000726c                z_data_copy
 .text.boot_banner
                0x000072a0       0x18 zephyr/kernel/libkernel.a(banner.c.obj)
                0x000072a0                boot_banner
 .text.nrf_cc3xx_platform_init_no_rng
                0x000072b8       0x38 D:/toolchain/v1.9.1/nrfxlib/crypto/nrf_cc310_platform/lib/cortex-m4/soft-float/no-interrupts/libnrf_cc310_platform_0.9.13.a(nrf_cc3xx_platform.c.obj)
                0x000072b8                nrf_cc3xx_platform_init_no_rng
 .text.nrf_cc3xx_platform_abort
                0x000072f0       0x24 D:/toolchain/v1.9.1/nrfxlib/crypto/nrf_cc310_platform/lib/cortex-m4/soft-float/no-interrupts/libnrf_cc310_platform_0.9.13.a(nrf_cc3xx_platform_abort.c.obj)
 .text.CC_PalAbort
                0x00007314       0x40 D:/toolchain/v1.9.1/nrfxlib/crypto/nrf_cc310_platform/lib/cortex-m4/soft-float/no-interrupts/libnrf_cc310_platform_0.9.13.a(nrf_cc3xx_platform_abort.c.obj)
                0x00007314                CC_PalAbort
 .text.nrf_cc3xx_platform_set_abort
                0x00007354       0x10 D:/toolchain/v1.9.1/nrfxlib/crypto/nrf_cc310_platform/lib/cortex-m4/soft-float/no-interrupts/libnrf_cc310_platform_0.9.13.a(nrf_cc3xx_platform_abort.c.obj)
                0x00007354                nrf_cc3xx_platform_set_abort
 .text.mutex_free
                0x00007364       0x28 D:/toolchain/v1.9.1/nrfxlib/crypto/nrf_cc310_platform/lib/cortex-m4/soft-float/no-interrupts/libnrf_cc310_platform_0.9.13.a(nrf_cc3xx_platform_mutex.c.obj)
 .text.mutex_unlock
                0x0000738c       0x2c D:/toolchain/v1.9.1/nrfxlib/crypto/nrf_cc310_platform/lib/cortex-m4/soft-float/no-interrupts/libnrf_cc310_platform_0.9.13.a(nrf_cc3xx_platform_mutex.c.obj)
 .text.mutex_init
                0x000073b8       0x1c D:/toolchain/v1.9.1/nrfxlib/crypto/nrf_cc310_platform/lib/cortex-m4/soft-float/no-interrupts/libnrf_cc310_platform_0.9.13.a(nrf_cc3xx_platform_mutex.c.obj)
 .text.mutex_lock
                0x000073d4       0x44 D:/toolchain/v1.9.1/nrfxlib/crypto/nrf_cc310_platform/lib/cortex-m4/soft-float/no-interrupts/libnrf_cc310_platform_0.9.13.a(nrf_cc3xx_platform_mutex.c.obj)
 .text.nrf_cc3xx_platform_set_mutexes
                0x00007418       0x60 D:/toolchain/v1.9.1/nrfxlib/crypto/nrf_cc310_platform/lib/cortex-m4/soft-float/no-interrupts/libnrf_cc310_platform_0.9.13.a(nrf_cc3xx_platform_mutex.c.obj)
                0x00007418                nrf_cc3xx_platform_set_mutexes
 .text.CC_LibInitNoRng
                0x00007478       0x6c D:/toolchain/v1.9.1/nrfxlib/crypto/nrf_cc310_platform/lib/cortex-m4/soft-float/no-interrupts/libnrf_cc310_platform_0.9.13.a(cc_lib.c.obj)
                0x00007478                CC_LibInitNoRng
 .text.CC_HalInit
                0x000074e4        0x4 D:/toolchain/v1.9.1/nrfxlib/crypto/nrf_cc310_platform/lib/cortex-m4/soft-float/no-interrupts/libnrf_cc310_platform_0.9.13.a(cc_hal.c.obj)
                0x000074e4                CC_HalInit
 .text.CC_HalTerminate
                0x000074e8        0x4 D:/toolchain/v1.9.1/nrfxlib/crypto/nrf_cc310_platform/lib/cortex-m4/soft-float/no-interrupts/libnrf_cc310_platform_0.9.13.a(cc_hal.c.obj)
                0x000074e8                CC_HalTerminate
 .text.CC_HalMaskInterrupt
                0x000074ec        0xc D:/toolchain/v1.9.1/nrfxlib/crypto/nrf_cc310_platform/lib/cortex-m4/soft-float/no-interrupts/libnrf_cc310_platform_0.9.13.a(cc_hal.c.obj)
                0x000074ec                CC_HalMaskInterrupt
 .text.CC_PalInit
                0x000074f8       0x5c D:/toolchain/v1.9.1/nrfxlib/crypto/nrf_cc310_platform/lib/cortex-m4/soft-float/no-interrupts/libnrf_cc310_platform_0.9.13.a(cc_pal.c.obj)
                0x000074f8                CC_PalInit
 .text.CC_PalTerminate
                0x00007554       0x34 D:/toolchain/v1.9.1/nrfxlib/crypto/nrf_cc310_platform/lib/cortex-m4/soft-float/no-interrupts/libnrf_cc310_platform_0.9.13.a(cc_pal.c.obj)
                0x00007554                CC_PalTerminate
 .text.CC_PalDmaInit
                0x00007588        0x4 D:/toolchain/v1.9.1/nrfxlib/crypto/nrf_cc310_platform/lib/cortex-m4/soft-float/no-interrupts/libnrf_cc310_platform_0.9.13.a(cc_pal_dma.c.obj)
                0x00007588                CC_PalDmaInit
 .text.CC_PalDmaTerminate
                0x0000758c        0x4 D:/toolchain/v1.9.1/nrfxlib/crypto/nrf_cc310_platform/lib/cortex-m4/soft-float/no-interrupts/libnrf_cc310_platform_0.9.13.a(cc_pal_dma.c.obj)
                0x0000758c                CC_PalDmaTerminate
 .text.CC_PalMutexCreate
                0x00007590       0x14 D:/toolchain/v1.9.1/nrfxlib/crypto/nrf_cc310_platform/lib/cortex-m4/soft-float/no-interrupts/libnrf_cc310_platform_0.9.13.a(cc_pal_mutex.c.obj)
                0x00007590                CC_PalMutexCreate
 .text.CC_PalMutexDestroy
                0x000075a4       0x14 D:/toolchain/v1.9.1/nrfxlib/crypto/nrf_cc310_platform/lib/cortex-m4/soft-float/no-interrupts/libnrf_cc310_platform_0.9.13.a(cc_pal_mutex.c.obj)
                0x000075a4                CC_PalMutexDestroy
 .text.CC_PalPowerSaveModeInit
                0x000075b8       0x3c D:/toolchain/v1.9.1/nrfxlib/crypto/nrf_cc310_platform/lib/cortex-m4/soft-float/no-interrupts/libnrf_cc310_platform_0.9.13.a(cc_pal_pm.c.obj)
                0x000075b8                CC_PalPowerSaveModeInit
 .text.CC_PalPowerSaveModeSelect
                0x000075f4       0x84 D:/toolchain/v1.9.1/nrfxlib/crypto/nrf_cc310_platform/lib/cortex-m4/soft-float/no-interrupts/libnrf_cc310_platform_0.9.13.a(cc_pal_pm.c.obj)
                0x000075f4                CC_PalPowerSaveModeSelect
 .text.gpio_add_callback
                0x00007678       0x10 app/libapp.a(config_gpio.c.obj)
 .text.k_msleep
                0x00007688       0x26 app/libapp.a(main.c.obj)
 .text.assert_post_action
                0x000076ae        0xe zephyr/libzephyr.a(assert.c.obj)
                0x000076ae                assert_post_action
 .text.encode_uint
                0x000076bc       0x96 zephyr/libzephyr.a(cbprintf_complete.c.obj)
 .text.outs     0x00007752       0x2c zephyr/libzephyr.a(cbprintf_complete.c.obj)
 .text._ConfigAbsSyms
                0x0000777e        0x2 zephyr/libzephyr.a(configs.c.obj)
                0x0000777e                _ConfigAbsSyms
 .text.sys_notify_validate
                0x00007780       0x22 zephyr/libzephyr.a(notify.c.obj)
                0x00007780                sys_notify_validate
 .text.abort_function
                0x000077a2        0x8 zephyr/libzephyr.a(nrf_cc3xx_platform_abort_zephyr.c.obj)
 .text.process_recheck
                0x000077aa       0x38 zephyr/libzephyr.a(onoff.c.obj)
 .text.notify_one
                0x000077e2       0x2c zephyr/libzephyr.a(onoff.c.obj)
 .text.validate_args
                0x0000780e       0x1e zephyr/libzephyr.a(onoff.c.obj)
 .text.onoff_manager_init
                0x0000782c       0x26 zephyr/libzephyr.a(onoff.c.obj)
                0x0000782c                onoff_manager_init
 .text.arch_printk_char_out
                0x00007852        0x4 zephyr/libzephyr.a(printk.c.obj)
                0x00007852                arch_printk_char_out
 .text.printk   0x00007856       0x1a zephyr/libzephyr.a(printk.c.obj)
                0x00007856                printk
 .text.pm_policy_next_state
                0x00007870        0xa zephyr/libzephyr.a(residency.c.obj)
                0x00007870                pm_policy_next_state
 .text.z_thread_entry
                0x0000787a       0x14 zephyr/libzephyr.a(thread_entry.c.obj)
                0x0000787a                z_thread_entry
 .text.z_arm_fatal_error
                0x0000788e        0x4 zephyr/arch/arch/arm/core/aarch32/libarch__arm__core__aarch32.a(fatal.c.obj)
                0x0000788e                z_arm_fatal_error
 .text.z_do_kernel_oops
                0x00007892        0x8 zephyr/arch/arch/arm/core/aarch32/libarch__arm__core__aarch32.a(fatal.c.obj)
                0x00007892                z_do_kernel_oops
 .text.z_irq_spurious
                0x0000789a        0x8 zephyr/arch/arch/arm/core/aarch32/libarch__arm__core__aarch32.a(irq_manage.c.obj)
                0x0000789a                z_irq_spurious
 .text.z_arm_nmi
                0x000078a2        0xe zephyr/arch/arch/arm/core/aarch32/libarch__arm__core__aarch32.a(nmi.c.obj)
                0x000078a2                z_arm_nmi
 .text._stdout_hook_default
                0x000078b0        0x6 zephyr/lib/libc/minimal/liblib__libc__minimal.a(stdout_console.c.obj)
 .text.strcpy   0x000078b6       0x14 zephyr/lib/libc/minimal/liblib__libc__minimal.a(string.c.obj)
                0x000078b6                strcpy
 .text.strlen   0x000078ca        0xe zephyr/lib/libc/minimal/liblib__libc__minimal.a(string.c.obj)
                0x000078ca                strlen
 .text.strnlen  0x000078d8       0x12 zephyr/lib/libc/minimal/liblib__libc__minimal.a(string.c.obj)
                0x000078d8                strnlen
 .text.strcmp   0x000078ea       0x18 zephyr/lib/libc/minimal/liblib__libc__minimal.a(string.c.obj)
                0x000078ea                strcmp
 .text.memcpy   0x00007902       0x16 zephyr/lib/libc/minimal/liblib__libc__minimal.a(string.c.obj)
                0x00007902                memcpy
 .text.memset   0x00007918       0x12 zephyr/lib/libc/minimal/liblib__libc__minimal.a(string.c.obj)
                0x00007918                memset
 .text.pm_power_state_set
                0x0000792a       0x26 zephyr/soc/arm/nordic_nrf/nrf52/libsoc__arm__nordic_nrf__nrf52.a(power.c.obj)
                0x0000792a                pm_power_state_set
 .text.pm_power_state_exit_post_ops
                0x00007950       0x16 zephyr/soc/arm/nordic_nrf/nrf52/libsoc__arm__nordic_nrf__nrf52.a(power.c.obj)
                0x00007950                pm_power_state_exit_post_ops
 .text.set_starting_state
                0x00007966       0x3c zephyr/drivers/clock_control/libdrivers__clock_control.a(clock_control_nrf.c.obj)
 .text.set_on_state
                0x000079a2       0x26 zephyr/drivers/clock_control/libdrivers__clock_control.a(clock_control_nrf.c.obj)
 .text.onoff_started_callback
                0x000079c8        0xc zephyr/drivers/clock_control/libdrivers__clock_control.a(clock_control_nrf.c.obj)
 .text.lfclk_start
                0x000079d4        0x6 zephyr/drivers/clock_control/libdrivers__clock_control.a(clock_control_nrf.c.obj)
 .text.lfclk_stop
                0x000079da        0x6 zephyr/drivers/clock_control/libdrivers__clock_control.a(clock_control_nrf.c.obj)
 .text.api_stop
                0x000079e0        0x6 zephyr/drivers/clock_control/libdrivers__clock_control.a(clock_control_nrf.c.obj)
 .text.blocking_start_callback
                0x000079e6        0x6 zephyr/drivers/clock_control/libdrivers__clock_control.a(clock_control_nrf.c.obj)
 .text.api_start
                0x000079ec       0x36 zephyr/drivers/clock_control/libdrivers__clock_control.a(clock_control_nrf.c.obj)
 .text.gpio_nrfx_port_get_raw
                0x00007a22        0xe zephyr/drivers/gpio/libdrivers__gpio.a(gpio_nrfx.c.obj)
 .text.gpio_nrfx_port_set_masked_raw
                0x00007a30       0x16 zephyr/drivers/gpio/libdrivers__gpio.a(gpio_nrfx.c.obj)
 .text.gpio_nrfx_port_set_bits_raw
                0x00007a46        0xc zephyr/drivers/gpio/libdrivers__gpio.a(gpio_nrfx.c.obj)
 .text.gpio_nrfx_port_clear_bits_raw
                0x00007a52        0xc zephyr/drivers/gpio/libdrivers__gpio.a(gpio_nrfx.c.obj)
 .text.gpio_nrfx_port_toggle_bits
                0x00007a5e       0x12 zephyr/drivers/gpio/libdrivers__gpio.a(gpio_nrfx.c.obj)
 .text.uarte_nrfx_isr_int
                0x00007a70       0x74 zephyr/drivers/serial/libdrivers__serial.a(uart_nrfx_uarte.c.obj)
 .text.uarte_nrfx_config_get
                0x00007ae4       0x10 zephyr/drivers/serial/libdrivers__serial.a(uart_nrfx_uarte.c.obj)
 .text.uarte_nrfx_err_check
                0x00007af4        0xe zephyr/drivers/serial/libdrivers__serial.a(uart_nrfx_uarte.c.obj)
 .text.is_tx_ready
                0x00007b02       0x20 zephyr/drivers/serial/libdrivers__serial.a(uart_nrfx_uarte.c.obj)
 .text.uarte_nrfx_poll_in
                0x00007b22       0x26 zephyr/drivers/serial/libdrivers__serial.a(uart_nrfx_uarte.c.obj)
 .text.uarte_0_init
                0x00007b48       0x1e zephyr/drivers/serial/libdrivers__serial.a(uart_nrfx_uarte.c.obj)
 .text.uarte_1_init
                0x00007b66       0x1e zephyr/drivers/serial/libdrivers__serial.a(uart_nrfx_uarte.c.obj)
 .text.sys_clock_idle_exit
                0x00007b84        0x2 zephyr/drivers/timer/libdrivers__timer.a(sys_clock_init.c.obj)
                0x00007b84                sys_clock_idle_exit
 .text.k_sys_fatal_error_handler
                0x00007b86        0x8 modules/nrf/lib/fatal_error/lib..__nrf__lib__fatal_error.a(fatal_error.c.obj)
                0x00007b86                k_sys_fatal_error_handler
 .text.hw_cc3xx_init_internal
                0x00007b8e        0x4 modules/nrf/drivers/hw_cc310/lib..__nrf__drivers__hw_cc310.a(hw_cc310.c.obj)
 .text.hw_cc3xx_init
                0x00007b92       0x12 modules/nrf/drivers/hw_cc310/lib..__nrf__drivers__hw_cc310.a(hw_cc310.c.obj)
 .text.nrfx_isr
                0x00007ba4        0x2 modules/hal_nordic/nrfx/libmodules__hal_nordic__nrfx.a(nrfx_glue.c.obj)
                0x00007ba4                nrfx_isr
 .text.nrfx_busy_wait
                0x00007ba6        0x4 modules/hal_nordic/nrfx/libmodules__hal_nordic__nrfx.a(nrfx_glue.c.obj)
                0x00007ba6                nrfx_busy_wait
 .text.nrf_gpio_pin_present_check
                0x00007baa       0x22 modules/hal_nordic/nrfx/libmodules__hal_nordic__nrfx.a(nrfx_gpiote.c.obj)
 .text.nrf_gpiote_in_event_get
                0x00007bcc        0x8 modules/hal_nordic/nrfx/libmodules__hal_nordic__nrfx.a(nrfx_gpiote.c.obj)
 .text.nrf_gpio_reconfigure
                0x00007bd4       0x96 modules/hal_nordic/nrfx/libmodules__hal_nordic__nrfx.a(nrfx_gpiote.c.obj)
 .text.nrf_gpio_cfg_sense_set
                0x00007c6a       0x1e modules/hal_nordic/nrfx/libmodules__hal_nordic__nrfx.a(nrfx_gpiote.c.obj)
 .text.SEGGER_RTT_Init
                0x00007c88        0x4 modules/segger/libmodules__segger.a(SEGGER_RTT.c.obj)
                0x00007c88                SEGGER_RTT_Init
 .text.rtt_init
                0x00007c8c        0xa modules/segger/libmodules__segger.a(SEGGER_RTT_zephyr.c.obj)
 .text.z_device_state_init
                0x00007c96        0x2 zephyr/kernel/libkernel.a(device.c.obj)
                0x00007c96                z_device_state_init
 .text.z_device_ready
                0x00007c98       0x14 zephyr/kernel/libkernel.a(device.c.obj)
                0x00007c98                z_device_ready
 .text.z_pm_save_idle_exit
                0x00007cac        0xe zephyr/kernel/libkernel.a(idle.c.obj)
                0x00007cac                z_pm_save_idle_exit
 .text.k_mem_slab_init
                0x00007cba       0x38 zephyr/kernel/libkernel.a(mem_slab.c.obj)
                0x00007cba                k_mem_slab_init
 .text.z_impl_k_mutex_init
                0x00007cf2        0xe zephyr/kernel/libkernel.a(mutex.c.obj)
                0x00007cf2                z_impl_k_mutex_init
 .text.z_reschedule_irqlock
                0x00007d00       0x18 zephyr/kernel/libkernel.a(sched.c.obj)
                0x00007d00                z_reschedule_irqlock
 .text.z_reschedule_unlocked
                0x00007d18       0x14 zephyr/kernel/libkernel.a(sched.c.obj)
 .text.z_priq_dumb_best
                0x00007d2c       0x14 zephyr/kernel/libkernel.a(sched.c.obj)
                0x00007d2c                z_priq_dumb_best
 .text.k_is_in_isr
                0x00007d40        0xc zephyr/kernel/libkernel.a(thread.c.obj)
                0x00007d40                k_is_in_isr
 .text.sys_clock_tick_get_32
                0x00007d4c        0x8 zephyr/kernel/libkernel.a(timeout.c.obj)
                0x00007d4c                sys_clock_tick_get_32
 .text.z_impl_k_busy_wait
                0x00007d54        0x8 zephyr/kernel/libkernel.a(timeout.c.obj)
                0x00007d54                z_impl_k_busy_wait
 .text._OffsetAbsSyms
                0x00007d5c        0x2 zephyr/CMakeFiles/offsets.dir/./arch/arm/core/offsets/offsets.c.obj
                0x00007d5c                _OffsetAbsSyms
 *(SORT_BY_ALIGNMENT(.TEXT.*))
 *fill*         0x00007d5e        0x2 
 .TEXT.z_arm_platform_init
                0x00007d60        0x4 zephyr/libzephyr.a(soc_nrf_common.S.obj)
                0x00007d60                z_arm_platform_init
 *(SORT_BY_ALIGNMENT(.gnu.linkonce.t.*))
 *(SORT_BY_ALIGNMENT(.glue_7t))
 .glue_7t       0x00007d64        0x0 linker stubs
 *(SORT_BY_ALIGNMENT(.glue_7))
 .glue_7        0x00007d64        0x0 linker stubs
 *(SORT_BY_ALIGNMENT(.vfp11_veneer))
 .vfp11_veneer  0x00007d64        0x0 linker stubs
 *(SORT_BY_ALIGNMENT(.v4_bx))
 .v4_bx         0x00007d64        0x0 linker stubs
                0x00007d64                __text_region_end = .

.ARM.exidx      0x00007d64        0x8
                0x00007d64                __exidx_start = .
 *(SORT_BY_ALIGNMENT(.ARM.exidx*) SORT_BY_ALIGNMENT(gnu.linkonce.armexidx.*))
 .ARM.exidx     0x00007d64        0x8 d:/toolchain/v1.9.1/toolchain/opt/bin/../lib/gcc/arm-none-eabi/9.2.1/thumb/v7e-m/nofp\libgcc.a(_udivmoddi4.o)
                0x00007d6c                __exidx_end = .
                0x00007d6c                __rodata_region_start = .

initlevel       0x00007d6c       0x60
                0x00007d6c                __init_start = .
                0x00007d6c                __init_PRE_KERNEL_1_start = .
 *(SORT_BY_NAME(SORT_BY_ALIGNMENT(.z_init_PRE_KERNEL_1[0-9]_*)))
 .z_init_PRE_KERNEL_10_
                0x00007d6c        0x8 zephyr/soc/arm/nordic_nrf/nrf52/libsoc__arm__nordic_nrf__nrf52.a(soc.c.obj)
 *(SORT_BY_NAME(SORT_BY_ALIGNMENT(.z_init_PRE_KERNEL_1[1-9][0-9]_*)))
 .z_init_PRE_KERNEL_130_
                0x00007d74        0x8 zephyr/drivers/clock_control/libdrivers__clock_control.a(clock_control_nrf.c.obj)
 .z_init_PRE_KERNEL_130_
                0x00007d7c        0x8 modules/segger/libmodules__segger.a(SEGGER_RTT_zephyr.c.obj)
 .z_init_PRE_KERNEL_130_
                0x00007d84        0x8 zephyr/kernel/libkernel.a(mem_slab.c.obj)
 .z_init_PRE_KERNEL_140_
                0x00007d8c       0x10 zephyr/drivers/gpio/libdrivers__gpio.a(gpio_nrfx.c.obj)
 .z_init_PRE_KERNEL_140_
                0x00007d9c        0x8 modules/nrf/drivers/hw_cc310/lib..__nrf__drivers__hw_cc310.a(hw_cc310.c.obj)
 .z_init_PRE_KERNEL_155_
                0x00007da4       0x10 zephyr/drivers/serial/libdrivers__serial.a(uart_nrfx_uarte.c.obj)
 .z_init_PRE_KERNEL_160_
                0x00007db4        0x8 zephyr/drivers/console/libdrivers__console.a(uart_console.c.obj)
                0x00007dbc                __init_PRE_KERNEL_2_start = .
 *(SORT_BY_NAME(SORT_BY_ALIGNMENT(.z_init_PRE_KERNEL_2[0-9]_*)))
 .z_init_PRE_KERNEL_20_
                0x00007dbc        0x8 zephyr/drivers/timer/libdrivers__timer.a(nrf_rtc_timer.c.obj)
 *(SORT_BY_NAME(SORT_BY_ALIGNMENT(.z_init_PRE_KERNEL_2[1-9][0-9]_*)))
                0x00007dc4                __init_POST_KERNEL_start = .
 *(SORT_BY_NAME(SORT_BY_ALIGNMENT(.z_init_POST_KERNEL[0-9]_*)))
 *(SORT_BY_NAME(SORT_BY_ALIGNMENT(.z_init_POST_KERNEL[1-9][0-9]_*)))
 .z_init_POST_KERNEL40_
                0x00007dc4        0x8 modules/nrf/drivers/hw_cc310/lib..__nrf__drivers__hw_cc310.a(hw_cc310.c.obj)
                0x00007dcc                __init_APPLICATION_start = .
 *(SORT_BY_NAME(SORT_BY_ALIGNMENT(.z_init_APPLICATION[0-9]_*)))
 *(SORT_BY_NAME(SORT_BY_ALIGNMENT(.z_init_APPLICATION[1-9][0-9]_*)))
                0x00007dcc                __init_SMP_start = .
 *(SORT_BY_NAME(SORT_BY_ALIGNMENT(.z_init_SMP[0-9]_*)))
 *(SORT_BY_NAME(SORT_BY_ALIGNMENT(.z_init_SMP[1-9][0-9]_*)))
                0x00007dcc                __init_end = .

devices         0x00007dcc       0x78
                0x00007dcc                __device_start = .
                0x00007dcc                __device_PRE_KERNEL_1_start = .
 *(SORT_BY_NAME(SORT_BY_ALIGNMENT(.z_device_PRE_KERNEL_1[0-9]_*)))
 *(SORT_BY_NAME(SORT_BY_ALIGNMENT(.z_device_PRE_KERNEL_1[1-9][0-9]_*)))
 .z_device_PRE_KERNEL_130_
                0x00007dcc       0x18 zephyr/drivers/clock_control/libdrivers__clock_control.a(clock_control_nrf.c.obj)
                0x00007dcc                __device_dts_ord_27
 .z_device_PRE_KERNEL_140_
                0x00007de4       0x30 zephyr/drivers/gpio/libdrivers__gpio.a(gpio_nrfx.c.obj)
                0x00007de4                __device_dts_ord_11
                0x00007dfc                __device_dts_ord_54
 .z_device_PRE_KERNEL_155_
                0x00007e14       0x30 zephyr/drivers/serial/libdrivers__serial.a(uart_nrfx_uarte.c.obj)
                0x00007e14                __device_dts_ord_63
                0x00007e2c                __device_dts_ord_62
                0x00007e44                __device_PRE_KERNEL_2_start = .
 *(SORT_BY_NAME(SORT_BY_ALIGNMENT(.z_device_PRE_KERNEL_2[0-9]_*)))
 *(SORT_BY_NAME(SORT_BY_ALIGNMENT(.z_device_PRE_KERNEL_2[1-9][0-9]_*)))
                0x00007e44                __device_POST_KERNEL_start = .
 *(SORT_BY_NAME(SORT_BY_ALIGNMENT(.z_device_POST_KERNEL[0-9]_*)))
 *(SORT_BY_NAME(SORT_BY_ALIGNMENT(.z_device_POST_KERNEL[1-9][0-9]_*)))
                0x00007e44                __device_APPLICATION_start = .
 *(SORT_BY_NAME(SORT_BY_ALIGNMENT(.z_device_APPLICATION[0-9]_*)))
 *(SORT_BY_NAME(SORT_BY_ALIGNMENT(.z_device_APPLICATION[1-9][0-9]_*)))
                0x00007e44                __device_SMP_start = .
 *(SORT_BY_NAME(SORT_BY_ALIGNMENT(.z_device_SMP[0-9]_*)))
 *(SORT_BY_NAME(SORT_BY_ALIGNMENT(.z_device_SMP[1-9][0-9]_*)))
                0x00007e44                __device_end = .

sw_isr_table    0x00007e44      0x180
                0x00007e44                . = ALIGN (0x0)
 *(SORT_BY_ALIGNMENT(.gnu.linkonce.sw_isr_table*))
 .gnu.linkonce.sw_isr_table
                0x00007e44      0x180 zephyr/CMakeFiles/zephyr_final.dir/isr_tables.c.obj
                0x00007e44                _sw_isr_table

initlevel_error
                0x00007d6c        0x0
 *(SORT_BY_NAME(SORT_BY_ALIGNMENT(.z_init_[_A-Z0-9]*)))
                0x00000001                ASSERT ((SIZEOF (initlevel_error) == 0x0), Undefined initialization levels used.)

app_shmem_regions
                0x00007fc4        0x0
                0x00007fc4                __app_shmem_regions_start = .
 *(SORT_BY_NAME(SORT_BY_ALIGNMENT(.app_regions.*)))
                0x00007fc4                __app_shmem_regions_end = .

bt_l2cap_fixed_chan_area
                0x00007fc4        0x0
                0x00007fc4                _bt_l2cap_fixed_chan_list_start = .
 *(SORT_BY_NAME(SORT_BY_ALIGNMENT(._bt_l2cap_fixed_chan.static.*)))
                0x00007fc4                _bt_l2cap_fixed_chan_list_end = .

bt_gatt_service_static_area
                0x00007fc4        0x0
                0x00007fc4                _bt_gatt_service_static_list_start = .
 *(SORT_BY_NAME(SORT_BY_ALIGNMENT(._bt_gatt_service_static.static.*)))
                0x00007fc4                _bt_gatt_service_static_list_end = .

k_p4wq_initparam_area
                0x00007fc4        0x0
                0x00007fc4                _k_p4wq_initparam_list_start = .
 *(SORT_BY_NAME(SORT_BY_ALIGNMENT(._k_p4wq_initparam.static.*)))
                0x00007fc4                _k_p4wq_initparam_list_end = .

log_strings_sections
                0x00007fc4        0x0
                0x00007fc4                __log_strings_start = .
 *(SORT_BY_NAME(SORT_BY_ALIGNMENT(.log_strings*)))
                0x00007fc4                __log_strings_end = .

log_const_sections
                0x00007fc4        0x0
                0x00007fc4                __log_const_start = .
 *(SORT_BY_NAME(SORT_BY_ALIGNMENT(.log_const_*)))
                0x00007fc4                __log_const_end = .

log_backends_sections
                0x00007fc4        0x0
                0x00007fc4                __log_backends_start = .
 *(SORT_BY_ALIGNMENT(._log_backend.*))
                0x00007fc4                __log_backends_end = .

shell_area      0x00007fc4        0x0
                0x00007fc4                _shell_list_start = .
 *(SORT_BY_NAME(SORT_BY_ALIGNMENT(._shell.static.*)))
                0x00007fc4                _shell_list_end = .

shell_root_cmds_sections
                0x00007fc4        0x0
                0x00007fc4                __shell_root_cmds_start = .
 *(SORT_BY_NAME(SORT_BY_ALIGNMENT(.shell_root_cmd_*)))
                0x00007fc4                __shell_root_cmds_end = .

font_entry_sections
                0x00007fc4        0x0
                0x00007fc4                __font_entry_start = .
 *(SORT_BY_NAME(SORT_BY_ALIGNMENT(._cfb_font.*)))
                0x00007fc4                __font_entry_end = .

tracing_backend_area
                0x00007fc4        0x0
                0x00007fc4                _tracing_backend_list_start = .
 *(SORT_BY_NAME(SORT_BY_ALIGNMENT(._tracing_backend.static.*)))
                0x00007fc4                _tracing_backend_list_end = .

zephyr_dbg_info
 *(SORT_BY_ALIGNMENT(.dbg_thread_info))

device_handles  0x00007fc4       0x1e
                0x00007fc4                __device_handles_start = .
 *(SORT_BY_NAME(SORT_BY_ALIGNMENT(.__device_handles_pass2*)))
 .__device_handles_pass2
                0x00007fc4       0x1e zephyr/CMakeFiles/zephyr_final.dir/dev_handles.c.obj
                0x00007fc4                __devicehdl_DT_N_S_soc_S_uart_40002000
                0x00007fca                __devicehdl_DT_N_S_soc_S_uart_40028000
                0x00007fd0                __devicehdl_DT_N_S_soc_S_gpio_50000300
                0x00007fd6                __devicehdl_DT_N_S_soc_S_gpio_50000000
                0x00007fdc                __devicehdl_DT_N_S_soc_S_clock_40000000
                0x00007fe2                __device_handles_end = .

rodata          0x00007ff0     0x1410
 *(SORT_BY_ALIGNMENT(.rodata))
 *(SORT_BY_ALIGNMENT(.rodata.*))
 .rodata.delay_machine_code.12406
                0x00007ff0        0x6 zephyr/soc/arm/nordic_nrf/nrf52/libsoc__arm__nordic_nrf__nrf52.a(soc.c.obj)
 *fill*         0x00007ff6        0x2 
 .rodata.apis   0x00007ff8        0x8 zephyr/libzephyr.a(nrf_cc3xx_platform_abort_zephyr.c.obj)
 .rodata.mutex_apis
                0x00008000       0x10 zephyr/libzephyr.a(nrf_cc3xx_platform_mutex_zephyr.c.obj)
 .rodata.mutexes
                0x00008010       0x14 zephyr/libzephyr.a(nrf_cc3xx_platform_mutex_zephyr.c.obj)
 .rodata.static_regions
                0x00008024        0xc zephyr/arch/arch/arm/core/aarch32/mpu/libarch__arm__core__aarch32__mpu.a(arm_core_mpu.c.obj)
 .rodata.mpu_config
                0x00008030        0x8 zephyr/soc/arm/common/cortex_m/libsoc__arm__common__cortex_m.a(arm_mpu_regions.c.obj)
                0x00008030                mpu_config
 .rodata.mpu_regions
                0x00008038       0x18 zephyr/soc/arm/common/cortex_m/libsoc__arm__common__cortex_m.a(arm_mpu_regions.c.obj)
 .rodata.clock_control_api
                0x00008050       0x18 zephyr/drivers/clock_control/libdrivers__clock_control.a(clock_control_nrf.c.obj)
 .rodata.config
                0x00008068       0x10 zephyr/drivers/clock_control/libdrivers__clock_control.a(clock_control_nrf.c.obj)
 .rodata.transitions.11164
                0x00008078        0xc zephyr/drivers/clock_control/libdrivers__clock_control.a(clock_control_nrf.c.obj)
 .rodata.gpio_nrfx_drv_api_funcs
                0x00008084       0x24 zephyr/drivers/gpio/libdrivers__gpio.a(gpio_nrfx.c.obj)
 .rodata.gpio_nrfx_p0_cfg
                0x000080a8       0x10 zephyr/drivers/gpio/libdrivers__gpio.a(gpio_nrfx.c.obj)
 .rodata.gpio_nrfx_p1_cfg
                0x000080b8       0x10 zephyr/drivers/gpio/libdrivers__gpio.a(gpio_nrfx.c.obj)
 .rodata.uart_nrfx_uarte_driver_api
                0x000080c8       0x14 zephyr/drivers/serial/libdrivers__serial.a(uart_nrfx_uarte.c.obj)
 .rodata.uarte_0z_config
                0x000080dc       0x20 zephyr/drivers/serial/libdrivers__serial.a(uart_nrfx_uarte.c.obj)
 .rodata.uarte_1z_config
                0x000080fc       0x20 zephyr/drivers/serial/libdrivers__serial.a(uart_nrfx_uarte.c.obj)
 .rodata.levels.9429
                0x0000811c       0x14 zephyr/kernel/libkernel.a(device.c.obj)
 .rodata._k_neg_eagain
                0x00008130        0x4 zephyr/kernel/libkernel.a(errno.c.obj)
                0x00008130                _k_neg_eagain
 .rodata.CSWTCH.8
                0x00008134       0x1c D:/toolchain/v1.9.1/nrfxlib/crypto/nrf_cc310_platform/lib/cortex-m4/soft-float/no-interrupts/libnrf_cc310_platform_0.9.13.a(nrf_cc3xx_platform.c.obj)
 .rodata.mutex_free.str1.4
                0x00008150       0x26 D:/toolchain/v1.9.1/nrfxlib/crypto/nrf_cc310_platform/lib/cortex-m4/soft-float/no-interrupts/libnrf_cc310_platform_0.9.13.a(nrf_cc3xx_platform_mutex.c.obj)
 *fill*         0x00008176        0x2 
 .rodata.mutex_init.str1.4
                0x00008178       0x23 D:/toolchain/v1.9.1/nrfxlib/crypto/nrf_cc310_platform/lib/cortex-m4/soft-float/no-interrupts/libnrf_cc310_platform_0.9.13.a(nrf_cc3xx_platform_mutex.c.obj)
 *fill*         0x0000819b        0x1 
 .rodata.CC_PalPowerSaveModeInit.str1.4
                0x0000819c       0x20 D:/toolchain/v1.9.1/nrfxlib/crypto/nrf_cc310_platform/lib/cortex-m4/soft-float/no-interrupts/libnrf_cc310_platform_0.9.13.a(cc_pal_pm.c.obj)
 .rodata.z_impl_gpio_pin_configure.constprop.0.str1.1
                0x000081bc       0x97 app/libapp.a(config_gpio.c.obj)
 .rodata.get_bind.str1.1
                0x00008253      0x335 app/libapp.a(config_gpio.c.obj)
 .rodata.main.str1.1
                0x00008588      0x1e5 app/libapp.a(main.c.obj)
 .rodata.cbvprintf.str1.1
                0x0000876d        0x6 zephyr/libzephyr.a(cbprintf_complete.c.obj)
 .rodata.sys_notify_finalize.str1.1
                0x00008773       0x23 zephyr/libzephyr.a(notify.c.obj)
                                 0x42 (size before relaxing)
 .rodata.mutex_free_platform.str1.1
                0x00008796       0x26 zephyr/libzephyr.a(nrf_cc3xx_platform_mutex_zephyr.c.obj)
 .rodata.mutex_init_platform.str1.1
                0x000087bc       0x2d zephyr/libzephyr.a(nrf_cc3xx_platform_mutex_zephyr.c.obj)
 .rodata.process_event.str1.1
                0x000087e9      0x122 zephyr/libzephyr.a(onoff.c.obj)
                                0x141 (size before relaxing)
 .rodata.pm_state_notify.str1.1
                0x0000890b       0x9c zephyr/libzephyr.a(pm.c.obj)
 .rodata.sys_reboot.str1.1
                0x0000890b       0x29 zephyr/libzephyr.a(reboot.c.obj)
 .rodata.z_arm_irq_priority_set.str1.1
                0x00008934       0x91 zephyr/arch/arch/arm/core/aarch32/libarch__arm__core__aarch32.a(irq_manage.c.obj)
                                 0xae (size before relaxing)
 .rodata.mem_manage_fault.str1.1
                0x000089c5       0xa7 zephyr/arch/arch/arm/core/aarch32/cortex_m/libarch__arm__core__aarch32__cortex_m.a(fault.c.obj)
                                 0xc4 (size before relaxing)
 .rodata.z_arm_fault.str1.1
                0x00008a6c       0xa5 zephyr/arch/arch/arm/core/aarch32/cortex_m/libarch__arm__core__aarch32__cortex_m.a(fault.c.obj)
                                 0xa7 (size before relaxing)
 .rodata.arm_core_mpu_configure_static_mpu_regions.str1.1
                0x00008b11       0x63 zephyr/arch/arch/arm/core/aarch32/mpu/libarch__arm__core__aarch32__mpu.a(arm_mpu.c.obj)
                                 0x82 (size before relaxing)
 .rodata.arm_core_mpu_configure_dynamic_mpu_regions.str1.1
                0x00008b74       0x2d zephyr/arch/arch/arm/core/aarch32/mpu/libarch__arm__core__aarch32__mpu.a(arm_mpu.c.obj)
 .rodata.z_arm_mpu_init.str1.1
                0x00008ba1       0xa5 zephyr/arch/arch/arm/core/aarch32/mpu/libarch__arm__core__aarch32__mpu.a(arm_mpu.c.obj)
 .rodata.str1.1
                0x00008c46        0xf zephyr/soc/arm/common/cortex_m/libsoc__arm__common__cortex_m.a(arm_mpu_regions.c.obj)
 .rodata.CSWTCH.9
                0x00008c55        0x6 zephyr/soc/arm/nordic_nrf/nrf52/libsoc__arm__nordic_nrf__nrf52.a(soc.c.obj)
 .rodata.get_status.str1.1
                0x00008c5b       0x61 zephyr/drivers/clock_control/libdrivers__clock_control.a(clock_control_nrf.c.obj)
                                 0x7e (size before relaxing)
 .rodata.clock_event_handler.str1.1
                0x00008cbc        0x2 zephyr/drivers/clock_control/libdrivers__clock_control.a(clock_control_nrf.c.obj)
 .rodata.z_nrf_clock_control_lf_on.str1.1
                0x00008cbc        0x9 zephyr/drivers/clock_control/libdrivers__clock_control.a(clock_control_nrf.c.obj)
 .rodata.str1.1
                0x00008cc5        0x6 zephyr/drivers/clock_control/libdrivers__clock_control.a(clock_control_nrf.c.obj)
 .rodata.gpio_nrfx_manage_callback.str1.1
                0x00008ccb       0x6e zephyr/drivers/gpio/libdrivers__gpio.a(gpio_nrfx.c.obj)
                                 0x8b (size before relaxing)
 .rodata.nrfx_gpio_handler.str1.1
                0x00008d39        0xc zephyr/drivers/gpio/libdrivers__gpio.a(gpio_nrfx.c.obj)
 .rodata.gpio_nrfx_pin_interrupt_configure.str1.1
                0x00008d45       0x56 zephyr/drivers/gpio/libdrivers__gpio.a(gpio_nrfx.c.obj)
                                 0x58 (size before relaxing)
 .rodata.str1.1
                0x00008d9b        0x7 zephyr/drivers/gpio/libdrivers__gpio.a(gpio_nrfx.c.obj)
                                  0xe (size before relaxing)
 .rodata.nrf_gpio_pin_port_decode.str1.1
                0x00008da2       0x75 zephyr/drivers/serial/libdrivers__serial.a(uart_nrfx_uarte.c.obj)
 .rodata.str1.1
                0x00008da2        0xe zephyr/drivers/serial/libdrivers__serial.a(uart_nrfx_uarte.c.obj)
 .rodata.nrf_clock_is_running.constprop.0.str1.1
                0x00008db0       0x34 modules/hal_nordic/nrfx/libmodules__hal_nordic__nrfx.a(nrfx_clock.c.obj)
                                 0x53 (size before relaxing)
 .rodata.nrfx_clock_init.str1.1
                0x00008de4       0x4b modules/hal_nordic/nrfx/libmodules__hal_nordic__nrfx.a(nrfx_clock.c.obj)
 .rodata.nrfx_clock_enable.str1.1
                0x00008e2f       0x1e modules/hal_nordic/nrfx/libmodules__hal_nordic__nrfx.a(nrfx_clock.c.obj)
 .rodata.legacy_handler.str1.1
                0x00008e4d       0x64 modules/hal_nordic/nrfx/libmodules__hal_nordic__nrfx.a(nrfx_gpiote.c.obj)
                                 0x81 (size before relaxing)
 .rodata.release_handler.str1.1
                0x00008eb1       0x14 modules/hal_nordic/nrfx/libmodules__hal_nordic__nrfx.a(nrfx_gpiote.c.obj)
 .rodata.nrf_gpio_pin_port_decode.str1.1
                0x00008ec5       0x58 modules/hal_nordic/nrfx/libmodules__hal_nordic__nrfx.a(nrfx_gpiote.c.obj)
 .rodata.nrfx_gpiote_channel_get.str1.1
                0x00008ec5        0xa modules/hal_nordic/nrfx/libmodules__hal_nordic__nrfx.a(nrfx_gpiote.c.obj)
 .rodata.nrfx_gpiote_trigger_enable.str1.1
                0x00008ecf       0x20 modules/hal_nordic/nrfx/libmodules__hal_nordic__nrfx.a(nrfx_gpiote.c.obj)
 .rodata.CSWTCH.14
                0x00008eef        0x6 modules/hal_nordic/nrfx/libmodules__hal_nordic__nrfx.a(system_nrf52840.c.obj)
 .rodata.CSWTCH.5
                0x00008ef5        0x6 modules/hal_nordic/nrfx/libmodules__hal_nordic__nrfx.a(system_nrf52840.c.obj)
 .rodata._DoInit.str1.1
                0x00008efb       0x14 modules/segger/libmodules__segger.a(SEGGER_RTT.c.obj)
 .rodata.z_fatal_error.str1.1
                0x00008f0f       0x74 zephyr/kernel/libkernel.a(fatal.c.obj)
                                 0x91 (size before relaxing)
 .rodata.idle.str1.1
                0x00008f83       0x49 zephyr/kernel/libkernel.a(idle.c.obj)
                                 0x66 (size before relaxing)
 .rodata.z_cstart.str1.1
                0x00008fcc        0x5 zephyr/kernel/libkernel.a(init.c.obj)
 .rodata.init_mem_slab_module.str1.1
                0x00008fd1       0x61 zephyr/kernel/libkernel.a(mem_slab.c.obj)
                                 0x7e (size before relaxing)
 .rodata.k_mem_slab_alloc.str1.1
                0x00009032       0x7f zephyr/kernel/libkernel.a(mem_slab.c.obj)
 .rodata.z_impl_k_mutex_lock.str1.1
                0x00009032       0x59 zephyr/kernel/libkernel.a(mutex.c.obj)
                                 0xf5 (size before relaxing)
 .rodata.z_impl_k_mutex_unlock.str1.1
                0x0000908b       0x76 zephyr/kernel/libkernel.a(mutex.c.obj)
 .rodata.k_sched_time_slice_set.str1.1
                0x00009101       0x9c zephyr/kernel/libkernel.a(sched.c.obj)
 .rodata.k_sched_lock.str1.1
                0x00009101       0x71 zephyr/kernel/libkernel.a(sched.c.obj)
 .rodata.z_priq_dumb_remove.str1.1
                0x00009101       0x43 zephyr/kernel/libkernel.a(sched.c.obj)
 .rodata.unpend_thread_no_timeout.str1.1
                0x00009144       0x17 zephyr/kernel/libkernel.a(sched.c.obj)
 .rodata.update_cache.str1.1
                0x0000915b       0x27 zephyr/kernel/libkernel.a(sched.c.obj)
 .rodata.k_sched_unlock.str1.1
                0x00009182       0x31 zephyr/kernel/libkernel.a(sched.c.obj)
 .rodata.z_tick_sleep.str1.1
                0x000091b3       0x40 zephyr/kernel/libkernel.a(sched.c.obj)
 .rodata.z_thread_abort.str1.1
                0x000091f3       0x22 zephyr/kernel/libkernel.a(sched.c.obj)
                                 0x24 (size before relaxing)
 .rodata.z_impl_k_sem_give.str1.1
                0x00009215       0x70 zephyr/kernel/libkernel.a(sem.c.obj)
 .rodata.z_impl_k_sem_take.str1.1
                0x00009215       0x6d zephyr/kernel/libkernel.a(sem.c.obj)
                                 0x9c (size before relaxing)
 .rodata.z_setup_new_thread.str1.1
                0x00009282       0xd4 zephyr/kernel/libkernel.a(thread.c.obj)
                                 0xf1 (size before relaxing)
 .rodata.z_init_static_threads.str1.1
                0x00009356       0x2d zephyr/kernel/libkernel.a(thread.c.obj)
                                 0x4c (size before relaxing)
 .rodata.z_add_timeout.str1.1
                0x00009383       0x44 zephyr/kernel/libkernel.a(timeout.c.obj)
                                 0xe3 (size before relaxing)
 .rodata.boot_banner.str1.1
                0x000093c7       0x36 zephyr/kernel/libkernel.a(banner.c.obj)
                                 0x37 (size before relaxing)
 *(SORT_BY_ALIGNMENT(.gnu.linkonce.r.*))
                0x00009400                . = ALIGN (0x4)
 *fill*         0x000093fd        0x3 
                0x00009400                __rodata_region_end = .
                0x00009400                . = ALIGN (_region_min_align)
                0x00010000                . = ALIGN ((0x1 << ((__rodata_region_end - __rom_region_start) <= 0x4)?0x2:((__rodata_region_end - __rom_region_start) <= 0x8)?0x3:((__rodata_region_end - __rom_region_start) <= 0x10)?0x4:((__rodata_region_end - __rom_region_start) <= 0x20)?0x5:((__rodata_region_end - __rom_region_start) <= 0x40)?0x6:((__rodata_region_end - __rom_region_start) <= 0x80)?0x7:((__rodata_region_end - __rom_region_start) <= 0x100)?0x8:((__rodata_region_end - __rom_region_start) <= 0x200)?0x9:((__rodata_region_end - __rom_region_start) <= 0x400)?0xa:((__rodata_region_end - __rom_region_start) <= 0x800)?0xb:((__rodata_region_end - __rom_region_start) <= 0x1000)?0xc:((__rodata_region_end - __rom_region_start) <= 0x2000)?0xd:((__rodata_region_end - __rom_region_start) <= 0x4000)?0xe:((__rodata_region_end - __rom_region_start) <= 0x8000)?0xf:((__rodata_region_end - __rom_region_start) <= 0x10000)?0x10:((__rodata_region_end - __rom_region_start) <= 0x20000)?0x11:((__rodata_region_end - __rom_region_start) <= 0x40000)?0x12:((__rodata_region_end - __rom_region_start) <= 0x80000)?0x13:((__rodata_region_end - __rom_region_start) <= 0x100000)?0x14:((__rodata_region_end - __rom_region_start) <= 0x200000)?0x15:((__rodata_region_end - __rom_region_start) <= 0x400000)?0x16:((__rodata_region_end - __rom_region_start) <= 0x800000)?0x17:((__rodata_region_end - __rom_region_start) <= 0x1000000)?0x18:((__rodata_region_end - __rom_region_start) <= 0x2000000)?0x19:((__rodata_region_end - __rom_region_start) <= 0x4000000)?0x1a:((__rodata_region_end - __rom_region_start) <= 0x8000000)?0x1b:((__rodata_region_end - __rom_region_start) <= 0x10000000)?0x1c:((__rodata_region_end - __rom_region_start) <= 0x20000000)?0x1d:((__rodata_region_end - __rom_region_start) <= 0x40000000)?0x1e:((__rodata_region_end - __rom_region_start) <= 0x80000000)?0x1f:0x20))
                0x00010000                __rom_region_end = .
                0x20000000                . = 0x20000000
                0x20000000                . = ALIGN (_region_min_align)
                0x20000000                _image_ram_start = .

.ramfunc        0x20000000        0x0 load address 0x00009400
                0x20000000                . = ALIGN (_region_min_align)
                0x20000000                . = ALIGN ((0x1 << (__ramfunc_size <= 0x4)?0x2:(__ramfunc_size <= 0x8)?0x3:(__ramfunc_size <= 0x10)?0x4:(__ramfunc_size <= 0x20)?0x5:(__ramfunc_size <= 0x40)?0x6:(__ramfunc_size <= 0x80)?0x7:(__ramfunc_size <= 0x100)?0x8:(__ramfunc_size <= 0x200)?0x9:(__ramfunc_size <= 0x400)?0xa:(__ramfunc_size <= 0x800)?0xb:(__ramfunc_size <= 0x1000)?0xc:(__ramfunc_size <= 0x2000)?0xd:(__ramfunc_size <= 0x4000)?0xe:(__ramfunc_size <= 0x8000)?0xf:(__ramfunc_size <= 0x10000)?0x10:(__ramfunc_size <= 0x20000)?0x11:(__ramfunc_size <= 0x40000)?0x12:(__ramfunc_size <= 0x80000)?0x13:(__ramfunc_size <= 0x100000)?0x14:(__ramfunc_size <= 0x200000)?0x15:(__ramfunc_size <= 0x400000)?0x16:(__ramfunc_size <= 0x800000)?0x17:(__ramfunc_size <= 0x1000000)?0x18:(__ramfunc_size <= 0x2000000)?0x19:(__ramfunc_size <= 0x4000000)?0x1a:(__ramfunc_size <= 0x8000000)?0x1b:(__ramfunc_size <= 0x10000000)?0x1c:(__ramfunc_size <= 0x20000000)?0x1d:(__ramfunc_size <= 0x40000000)?0x1e:(__ramfunc_size <= 0x80000000)?0x1f:0x20))
                0x20000000                __ramfunc_start = .
 *(SORT_BY_ALIGNMENT(.ramfunc))
 *(SORT_BY_ALIGNMENT(.ramfunc.*))
                0x20000000                . = ALIGN (_region_min_align)
                0x20000000                . = ALIGN ((0x1 << (__ramfunc_size <= 0x4)?0x2:(__ramfunc_size <= 0x8)?0x3:(__ramfunc_size <= 0x10)?0x4:(__ramfunc_size <= 0x20)?0x5:(__ramfunc_size <= 0x40)?0x6:(__ramfunc_size <= 0x80)?0x7:(__ramfunc_size <= 0x100)?0x8:(__ramfunc_size <= 0x200)?0x9:(__ramfunc_size <= 0x400)?0xa:(__ramfunc_size <= 0x800)?0xb:(__ramfunc_size <= 0x1000)?0xc:(__ramfunc_size <= 0x2000)?0xd:(__ramfunc_size <= 0x4000)?0xe:(__ramfunc_size <= 0x8000)?0xf:(__ramfunc_size <= 0x10000)?0x10:(__ramfunc_size <= 0x20000)?0x11:(__ramfunc_size <= 0x40000)?0x12:(__ramfunc_size <= 0x80000)?0x13:(__ramfunc_size <= 0x100000)?0x14:(__ramfunc_size <= 0x200000)?0x15:(__ramfunc_size <= 0x400000)?0x16:(__ramfunc_size <= 0x800000)?0x17:(__ramfunc_size <= 0x1000000)?0x18:(__ramfunc_size <= 0x2000000)?0x19:(__ramfunc_size <= 0x4000000)?0x1a:(__ramfunc_size <= 0x8000000)?0x1b:(__ramfunc_size <= 0x10000000)?0x1c:(__ramfunc_size <= 0x20000000)?0x1d:(__ramfunc_size <= 0x40000000)?0x1e:(__ramfunc_size <= 0x80000000)?0x1f:0x20))
                0x20000000                __ramfunc_end = .
                0x00000000                __ramfunc_size = (__ramfunc_end - __ramfunc_start)
                0x00009400                __ramfunc_load_start = LOADADDR (.ramfunc)

datas           0x20000000      0x13c load address 0x00009400
                0x20000000                __data_region_start = .
                0x20000000                __data_start = .
 *(SORT_BY_ALIGNMENT(.data))
 *(SORT_BY_ALIGNMENT(.data.*))
 .data.asym_mutex
                0x20000000        0x8 zephyr/libzephyr.a(nrf_cc3xx_platform_mutex_zephyr.c.obj)
 .data.power_mutex
                0x20000008        0x8 zephyr/libzephyr.a(nrf_cc3xx_platform_mutex_zephyr.c.obj)
 .data.rng_mutex
                0x20000010        0x8 zephyr/libzephyr.a(nrf_cc3xx_platform_mutex_zephyr.c.obj)
 .data.sym_mutex
                0x20000018        0x8 zephyr/libzephyr.a(nrf_cc3xx_platform_mutex_zephyr.c.obj)
 .data._char_out
                0x20000020        0x4 zephyr/libzephyr.a(printk.c.obj)
                0x20000020                _char_out
 .data._stdout_hook
                0x20000024        0x4 zephyr/lib/libc/minimal/liblib__libc__minimal.a(stdout_console.c.obj)
 .data.uarte_0_data
                0x20000028       0x14 zephyr/drivers/serial/libdrivers__serial.a(uart_nrfx_uarte.c.obj)
 .data.uarte_1_data
                0x2000003c       0x14 zephyr/drivers/serial/libdrivers__serial.a(uart_nrfx_uarte.c.obj)
 .data.m_cb     0x20000050       0x7c modules/hal_nordic/nrfx/libmodules__hal_nordic__nrfx.a(nrfx_gpiote.c.obj)
 .data.m_channels_allocated
                0x200000cc        0x4 modules/hal_nordic/nrfx/libmodules__hal_nordic__nrfx.a(nrfx_ppi.c.obj)
 .data.SystemCoreClock
                0x200000d0        0x4 modules/hal_nordic/nrfx/libmodules__hal_nordic__nrfx.a(system_nrf52840.c.obj)
                0x200000d0                SystemCoreClock
 .data.timeout_list
                0x200000d4        0x8 zephyr/kernel/libkernel.a(timeout.c.obj)
 .data.platform_abort_apis
                0x200000dc        0x8 D:/toolchain/v1.9.1/nrfxlib/crypto/nrf_cc310_platform/lib/cortex-m4/soft-float/no-interrupts/libnrf_cc310_platform_0.9.13.a(nrf_cc3xx_platform_abort.c.obj)
                0x200000dc                platform_abort_apis
 .data.asym_mutex
                0x200000e4        0x8 D:/toolchain/v1.9.1/nrfxlib/crypto/nrf_cc310_platform/lib/cortex-m4/soft-float/no-interrupts/libnrf_cc310_platform_0.9.13.a(nrf_cc3xx_platform_mutex.c.obj)
 .data.platform_mutex_apis
                0x200000ec       0x10 D:/toolchain/v1.9.1/nrfxlib/crypto/nrf_cc310_platform/lib/cortex-m4/soft-float/no-interrupts/libnrf_cc310_platform_0.9.13.a(nrf_cc3xx_platform_mutex.c.obj)
                0x200000ec                platform_mutex_apis
 .data.platform_mutexes
                0x200000fc       0x14 D:/toolchain/v1.9.1/nrfxlib/crypto/nrf_cc310_platform/lib/cortex-m4/soft-float/no-interrupts/libnrf_cc310_platform_0.9.13.a(nrf_cc3xx_platform_mutex.c.obj)
                0x200000fc                platform_mutexes
 .data.power_mutex
                0x20000110        0x8 D:/toolchain/v1.9.1/nrfxlib/crypto/nrf_cc310_platform/lib/cortex-m4/soft-float/no-interrupts/libnrf_cc310_platform_0.9.13.a(nrf_cc3xx_platform_mutex.c.obj)
 .data.rng_mutex
                0x20000118        0x8 D:/toolchain/v1.9.1/nrfxlib/crypto/nrf_cc310_platform/lib/cortex-m4/soft-float/no-interrupts/libnrf_cc310_platform_0.9.13.a(nrf_cc3xx_platform_mutex.c.obj)
 .data.sym_mutex
                0x20000120        0x8 D:/toolchain/v1.9.1/nrfxlib/crypto/nrf_cc310_platform/lib/cortex-m4/soft-float/no-interrupts/libnrf_cc310_platform_0.9.13.a(nrf_cc3xx_platform_mutex.c.obj)
 .data.CCAsymCryptoMutex
                0x20000128        0x4 D:/toolchain/v1.9.1/nrfxlib/crypto/nrf_cc310_platform/lib/cortex-m4/soft-float/no-interrupts/libnrf_cc310_platform_0.9.13.a(cc_pal.c.obj)
                0x20000128                CCAsymCryptoMutex
 .data.CCPowerMutex
                0x2000012c        0x4 D:/toolchain/v1.9.1/nrfxlib/crypto/nrf_cc310_platform/lib/cortex-m4/soft-float/no-interrupts/libnrf_cc310_platform_0.9.13.a(cc_pal.c.obj)
                0x2000012c                CCPowerMutex
 .data.CCRndCryptoMutex
                0x20000130        0x4 D:/toolchain/v1.9.1/nrfxlib/crypto/nrf_cc310_platform/lib/cortex-m4/soft-float/no-interrupts/libnrf_cc310_platform_0.9.13.a(cc_pal.c.obj)
                0x20000130                CCRndCryptoMutex
 .data.CCSymCryptoMutex
                0x20000134        0x4 D:/toolchain/v1.9.1/nrfxlib/crypto/nrf_cc310_platform/lib/cortex-m4/soft-float/no-interrupts/libnrf_cc310_platform_0.9.13.a(cc_pal.c.obj)
                0x20000134                CCSymCryptoMutex
 .data.pCCRndCryptoMutex
                0x20000138        0x4 D:/toolchain/v1.9.1/nrfxlib/crypto/nrf_cc310_platform/lib/cortex-m4/soft-float/no-interrupts/libnrf_cc310_platform_0.9.13.a(cc_pal.c.obj)
                0x20000138                pCCRndCryptoMutex
 *(SORT_BY_ALIGNMENT(.kernel.*))
                0x2000013c                __data_end = .
                0x0000013c                __data_size = (__data_end - __data_start)
                0x00009400                __data_load_start = LOADADDR (datas)
                0x00009400                __data_region_load_start = LOADADDR (datas)

device_states   0x2000013c       0x14 load address 0x0000953c
                0x2000013c                __device_states_start = .
 *(SORT_BY_ALIGNMENT(.z_devstate))
 .z_devstate    0x2000013c        0x4 zephyr/drivers/clock_control/libdrivers__clock_control.a(clock_control_nrf.c.obj)
 .z_devstate    0x20000140        0x8 zephyr/drivers/gpio/libdrivers__gpio.a(gpio_nrfx.c.obj)
 .z_devstate    0x20000148        0x8 zephyr/drivers/serial/libdrivers__serial.a(uart_nrfx_uarte.c.obj)
 *(SORT_BY_ALIGNMENT(.z_devstate.*))
                0x20000150                __device_states_end = .

initshell       0x20000150        0x0 load address 0x00009550
                0x20000150                __shell_module_start = .
 *(SORT_BY_ALIGNMENT(.shell_module_*))
                0x20000150                __shell_module_end = .
                0x20000150                __shell_cmd_start = .
 *(SORT_BY_ALIGNMENT(.shell_cmd_*))
                0x20000150                __shell_cmd_end = .

log_dynamic_sections
                0x20000150        0x0 load address 0x00009550
                0x20000150                __log_dynamic_start = .
 *(SORT_BY_NAME(SORT_BY_ALIGNMENT(.log_dynamic_*)))
                0x20000150                __log_dynamic_end = .

_static_thread_data_area
                0x20000150        0x0 load address 0x00009550
                0x20000150                __static_thread_data_list_start = .
 *(SORT_BY_NAME(SORT_BY_ALIGNMENT(.__static_thread_data.static.*)))
                0x20000150                __static_thread_data_list_end = .

k_timer_area    0x20000150        0x0 load address 0x00009550
                0x20000150                _k_timer_list_start = .
 *(SORT_BY_NAME(SORT_BY_ALIGNMENT(._k_timer.static.*)))
                0x20000150                _k_timer_list_end = .

k_mem_slab_area
                0x20000150        0x0 load address 0x00009550
                0x20000150                _k_mem_slab_list_start = .
 *(SORT_BY_NAME(SORT_BY_ALIGNMENT(._k_mem_slab.static.*)))
                0x20000150                _k_mem_slab_list_end = .

k_mem_pool_area
                0x20000150        0x0 load address 0x00009550
                0x20000150                _k_mem_pool_list_start = .
 *(SORT_BY_NAME(SORT_BY_ALIGNMENT(._k_mem_pool.static.*)))
                0x20000150                _k_mem_pool_list_end = .

k_heap_area     0x20000150        0x0 load address 0x00009550
                0x20000150                _k_heap_list_start = .
 *(SORT_BY_NAME(SORT_BY_ALIGNMENT(._k_heap.static.*)))
                0x20000150                _k_heap_list_end = .

k_mutex_area    0x20000150       0x50 load address 0x00009550
                0x20000150                _k_mutex_list_start = .
 *(SORT_BY_NAME(SORT_BY_ALIGNMENT(._k_mutex.static.*)))
 ._k_mutex.static.asym_mutex_int
                0x20000150       0x14 zephyr/libzephyr.a(nrf_cc3xx_platform_mutex_zephyr.c.obj)
                0x20000150                asym_mutex_int
 ._k_mutex.static.power_mutex_int
                0x20000164       0x14 zephyr/libzephyr.a(nrf_cc3xx_platform_mutex_zephyr.c.obj)
                0x20000164                power_mutex_int
 ._k_mutex.static.rng_mutex_int
                0x20000178       0x14 zephyr/libzephyr.a(nrf_cc3xx_platform_mutex_zephyr.c.obj)
                0x20000178                rng_mutex_int
 ._k_mutex.static.sym_mutex_int
                0x2000018c       0x14 zephyr/libzephyr.a(nrf_cc3xx_platform_mutex_zephyr.c.obj)
                0x2000018c                sym_mutex_int
                0x200001a0                _k_mutex_list_end = .

k_stack_area    0x200001a0        0x0 load address 0x000095a0
                0x200001a0                _k_stack_list_start = .
 *(SORT_BY_NAME(SORT_BY_ALIGNMENT(._k_stack.static.*)))
                0x200001a0                _k_stack_list_end = .

k_msgq_area     0x200001a0        0x0 load address 0x000095a0
                0x200001a0                _k_msgq_list_start = .
 *(SORT_BY_NAME(SORT_BY_ALIGNMENT(._k_msgq.static.*)))
                0x200001a0                _k_msgq_list_end = .

k_mbox_area     0x200001a0        0x0 load address 0x000095a0
                0x200001a0                _k_mbox_list_start = .
 *(SORT_BY_NAME(SORT_BY_ALIGNMENT(._k_mbox.static.*)))
                0x200001a0                _k_mbox_list_end = .

k_pipe_area     0x200001a0        0x0 load address 0x000095a0
                0x200001a0                _k_pipe_list_start = .
 *(SORT_BY_NAME(SORT_BY_ALIGNMENT(._k_pipe.static.*)))
                0x200001a0                _k_pipe_list_end = .

k_sem_area      0x200001a0        0x0 load address 0x000095a0
                0x200001a0                _k_sem_list_start = .
 *(SORT_BY_NAME(SORT_BY_ALIGNMENT(._k_sem.static.*)))
                0x200001a0                _k_sem_list_end = .

k_event_area    0x200001a0        0x0 load address 0x000095a0
                0x200001a0                _k_event_list_start = .
 *(SORT_BY_NAME(SORT_BY_ALIGNMENT(._k_event.static.*)))
                0x200001a0                _k_event_list_end = .

k_queue_area    0x200001a0        0x0 load address 0x000095a0
                0x200001a0                _k_queue_list_start = .
 *(SORT_BY_NAME(SORT_BY_ALIGNMENT(._k_queue.static.*)))
                0x200001a0                _k_queue_list_end = .

k_condvar_area  0x200001a0        0x0 load address 0x000095a0
                0x200001a0                _k_condvar_list_start = .
 *(SORT_BY_NAME(SORT_BY_ALIGNMENT(._k_condvar.static.*)))
                0x200001a0                _k_condvar_list_end = .

_net_buf_pool_area
                0x200001a0        0x0 load address 0x000095a0
                0x200001a0                _net_buf_pool_list = .
 *(SORT_BY_NAME(SORT_BY_ALIGNMENT(._net_buf_pool.static.*)))
                0x200001a0                __data_region_end = .

bss             0x200001a0      0xe74
                0x200001a0                . = ALIGN (0x4)
                0x200001a0                __bss_start = .
                0x200001a0                __kernel_ram_start = .
 *(SORT_BY_ALIGNMENT(.bss))
 *(SORT_BY_ALIGNMENT(.bss.*))
 .bss.anchor    0x200001a0        0x8 zephyr/drivers/timer/libdrivers__timer.a(nrf_rtc_timer.c.obj)
 .bss.cc_data   0x200001a8       0x10 zephyr/drivers/timer/libdrivers__timer.a(nrf_rtc_timer.c.obj)
 .bss.last_count
                0x200001b8        0x8 zephyr/drivers/timer/libdrivers__timer.a(nrf_rtc_timer.c.obj)
 .bss.z_idle_threads
                0x200001c0       0x80 zephyr/kernel/libkernel.a(init.c.obj)
                0x200001c0                z_idle_threads
 .bss.z_main_thread
                0x20000240       0x80 zephyr/kernel/libkernel.a(init.c.obj)
                0x20000240                z_main_thread
 .bss.curr_tick
                0x200002c0        0x8 zephyr/kernel/libkernel.a(timeout.c.obj)
 .bss.but1_cb_data
                0x200002c8        0xc app/libapp.a(config_gpio.c.obj)
 .bss.but2_cb_data
                0x200002d4        0xc app/libapp.a(config_gpio.c.obj)
 .bss.but3_cb_data
                0x200002e0        0xc app/libapp.a(config_gpio.c.obj)
 .bss.but4_cb_data
                0x200002ec        0xc app/libapp.a(config_gpio.c.obj)
 .bss.but5_cb_data
                0x200002f8        0xc app/libapp.a(config_gpio.c.obj)
 .bss.but6_cb_data
                0x20000304        0xc app/libapp.a(config_gpio.c.obj)
 .bss.but7_cb_data
                0x20000310        0xc app/libapp.a(config_gpio.c.obj)
 .bss.but8_cb_data
                0x2000031c        0xc app/libapp.a(config_gpio.c.obj)
 .bss.dcToggleFlag1
                0x20000328        0x4 app/libapp.a(config_gpio.c.obj)